execve("./run.sh", ["./run.sh", "204"], 0x7fffc707bcd8 /* 55 vars */) = 0
brk(NULL)                               = 0x61a88de98000
arch_prctl(0x3001 /* ARCH_??? */, 0x7ffdc980dc10) = -1 EINVAL (Invalid argument)
mmap(NULL, 8192, PROT_READ|PROT_WRITE, MAP_PRIVATE|MAP_ANONYMOUS, -1, 0) = 0x7a19a752f000
access("/etc/ld.so.preload", R_OK)      = -1 ENOENT (No such file or directory)
openat(AT_FDCWD, "/etc/ld.so.cache", O_RDONLY|O_CLOEXEC) = 3
newfstatat(3, "", {st_mode=S_IFREG|0644, st_size=69924, ...}, AT_EMPTY_PATH) = 0
mmap(NULL, 69924, PROT_READ, MAP_PRIVATE, 3, 0) = 0x7a19a751d000
close(3)                                = 0
openat(AT_FDCWD, "/lib/x86_64-linux-gnu/libtinfo.so.6", O_RDONLY|O_CLOEXEC) = 3
read(3, "\177ELF\2\1\1\0\0\0\0\0\0\0\0\0\3\0>\0\1\0\0\0\0\0\0\0\0\0\0\0"..., 832) = 832
newfstatat(3, "", {st_mode=S_IFREG|0644, st_size=200136, ...}, AT_EMPTY_PATH) = 0
mmap(NULL, 203040, PROT_READ, MAP_PRIVATE|MAP_DENYWRITE, 3, 0) = 0x7a19a74eb000
mmap(0x7a19a74f9000, 69632, PROT_READ|PROT_EXEC, MAP_PRIVATE|MAP_FIXED|MAP_DENYWRITE, 3, 0xe000) = 0x7a19a74f9000
mmap(0x7a19a750a000, 57344, PROT_READ, MAP_PRIVATE|MAP_FIXED|MAP_DENYWRITE, 3, 0x1f000) = 0x7a19a750a000
mmap(0x7a19a7518000, 20480, PROT_READ|PROT_WRITE, MAP_PRIVATE|MAP_FIXED|MAP_DENYWRITE, 3, 0x2c000) = 0x7a19a7518000
close(3)                                = 0
openat(AT_FDCWD, "/lib/x86_64-linux-gnu/libc.so.6", O_RDONLY|O_CLOEXEC) = 3
read(3, "\177ELF\2\1\1\3\0\0\0\0\0\0\0\0\3\0>\0\1\0\0\0P\237\2\0\0\0\0\0"..., 832) = 832
pread64(3, "\6\0\0\0\4\0\0\0@\0\0\0\0\0\0\0@\0\0\0\0\0\0\0@\0\0\0\0\0\0\0"..., 784, 64) = 784
pread64(3, "\4\0\0\0 \0\0\0\5\0\0\0GNU\0\2\0\0\300\4\0\0\0\3\0\0\0\0\0\0\0"..., 48, 848) = 48
pread64(3, "\4\0\0\0\24\0\0\0\3\0\0\0GNU\0O{\f\225\\=\201\327\312\301P\32$\230\266\235"..., 68, 896) = 68
newfstatat(3, "", {st_mode=S_IFREG|0755, st_size=2220400, ...}, AT_EMPTY_PATH) = 0
pread64(3, "\6\0\0\0\4\0\0\0@\0\0\0\0\0\0\0@\0\0\0\0\0\0\0@\0\0\0\0\0\0\0"..., 784, 64) = 784
mmap(NULL, 2264656, PROT_READ, MAP_PRIVATE|MAP_DENYWRITE, 3, 0) = 0x7a19a7200000
mprotect(0x7a19a7228000, 2023424, PROT_NONE) = 0
mmap(0x7a19a7228000, 1658880, PROT_READ|PROT_EXEC, MAP_PRIVATE|MAP_FIXED|MAP_DENYWRITE, 3, 0x28000) = 0x7a19a7228000
mmap(0x7a19a73bd000, 360448, PROT_READ, MAP_PRIVATE|MAP_FIXED|MAP_DENYWRITE, 3, 0x1bd000) = 0x7a19a73bd000
mmap(0x7a19a7416000, 24576, PROT_READ|PROT_WRITE, MAP_PRIVATE|MAP_FIXED|MAP_DENYWRITE, 3, 0x215000) = 0x7a19a7416000
mmap(0x7a19a741c000, 52816, PROT_READ|PROT_WRITE, MAP_PRIVATE|MAP_FIXED|MAP_ANONYMOUS, -1, 0) = 0x7a19a741c000
close(3)                                = 0
mmap(NULL, 12288, PROT_READ|PROT_WRITE, MAP_PRIVATE|MAP_ANONYMOUS, -1, 0) = 0x7a19a74e8000
arch_prctl(ARCH_SET_FS, 0x7a19a74e8740) = 0
set_tid_address(0x7a19a74e8a10)         = 10751
set_robust_list(0x7a19a74e8a20, 24)     = 0
rseq(0x7a19a74e90e0, 0x20, 0, 0x53053053) = 0
mprotect(0x7a19a7416000, 16384, PROT_READ) = 0
mprotect(0x7a19a7518000, 16384, PROT_READ) = 0
mprotect(0x61a87f410000, 16384, PROT_READ) = 0
mprotect(0x7a19a7569000, 8192, PROT_READ) = 0
prlimit64(0, RLIMIT_STACK, NULL, {rlim_cur=8192*1024, rlim_max=RLIM64_INFINITY}) = 0
munmap(0x7a19a751d000, 69924)           = 0
openat(AT_FDCWD, "/dev/tty", O_RDWR|O_NONBLOCK) = 3
close(3)                                = 0
getrandom("\x24\xff\xb8\x7f\x4b\x01\xc5\x65", 8, GRND_NONBLOCK) = 8
brk(NULL)                               = 0x61a88de98000
brk(0x61a88deb9000)                     = 0x61a88deb9000
openat(AT_FDCWD, "/usr/lib/locale/locale-archive", O_RDONLY|O_CLOEXEC) = 3
newfstatat(3, "", {st_mode=S_IFREG|0644, st_size=5716576, ...}, AT_EMPTY_PATH) = 0
mmap(NULL, 5716576, PROT_READ, MAP_PRIVATE, 3, 0) = 0x7a19a6c00000
close(3)                                = 0
openat(AT_FDCWD, "/usr/lib/x86_64-linux-gnu/gconv/gconv-modules.cache", O_RDONLY) = 3
newfstatat(3, "", {st_mode=S_IFREG|0644, st_size=27002, ...}, AT_EMPTY_PATH) = 0
mmap(NULL, 27002, PROT_READ, MAP_SHARED, 3, 0) = 0x7a19a7528000
close(3)                                = 0
futex(0x7a19a741ba6c, FUTEX_WAKE_PRIVATE, 2147483647) = 0
getuid()                                = 1000
getgid()                                = 1000
geteuid()                               = 1000
getegid()                               = 1000
rt_sigprocmask(SIG_BLOCK, NULL, [], 8)  = 0
ioctl(-1, TIOCGPGRP, 0x7ffdc980db04)    = -1 EBADF (Bad file descriptor)
sysinfo({uptime=3544, loads=[15616, 23264, 26400], totalram=16385445888, freeram=6683893760, sharedram=815128576, bufferram=160440320, totalswap=2147479552, freeswap=2147479552, procs=1578, totalhigh=0, freehigh=0, mem_unit=1}) = 0
rt_sigaction(SIGCHLD, {sa_handler=SIG_DFL, sa_mask=[], sa_flags=SA_RESTORER|SA_RESTART, sa_restorer=0x7a19a7242520}, {sa_handler=SIG_DFL, sa_mask=[], sa_flags=0}, 8) = 0
rt_sigaction(SIGCHLD, {sa_handler=SIG_DFL, sa_mask=[], sa_flags=SA_RESTORER|SA_RESTART, sa_restorer=0x7a19a7242520}, {sa_handler=SIG_DFL, sa_mask=[], sa_flags=SA_RESTORER|SA_RESTART, sa_restorer=0x7a19a7242520}, 8) = 0
rt_sigaction(SIGINT, {sa_handler=SIG_DFL, sa_mask=[], sa_flags=SA_RESTORER, sa_restorer=0x7a19a7242520}, {sa_handler=SIG_DFL, sa_mask=[], sa_flags=0}, 8) = 0
rt_sigaction(SIGINT, {sa_handler=SIG_DFL, sa_mask=[], sa_flags=SA_RESTORER, sa_restorer=0x7a19a7242520}, {sa_handler=SIG_DFL, sa_mask=[], sa_flags=SA_RESTORER, sa_restorer=0x7a19a7242520}, 8) = 0
rt_sigaction(SIGQUIT, {sa_handler=SIG_DFL, sa_mask=[], sa_flags=SA_RESTORER, sa_restorer=0x7a19a7242520}, {sa_handler=SIG_DFL, sa_mask=[], sa_flags=0}, 8) = 0
rt_sigaction(SIGQUIT, {sa_handler=SIG_DFL, sa_mask=[], sa_flags=SA_RESTORER, sa_restorer=0x7a19a7242520}, {sa_handler=SIG_DFL, sa_mask=[], sa_flags=SA_RESTORER, sa_restorer=0x7a19a7242520}, 8) = 0
rt_sigaction(SIGTSTP, {sa_handler=SIG_DFL, sa_mask=[], sa_flags=SA_RESTORER, sa_restorer=0x7a19a7242520}, {sa_handler=SIG_DFL, sa_mask=[], sa_flags=0}, 8) = 0
rt_sigaction(SIGTSTP, {sa_handler=SIG_DFL, sa_mask=[], sa_flags=SA_RESTORER, sa_restorer=0x7a19a7242520}, {sa_handler=SIG_DFL, sa_mask=[], sa_flags=SA_RESTORER, sa_restorer=0x7a19a7242520}, 8) = 0
rt_sigaction(SIGTTIN, {sa_handler=SIG_DFL, sa_mask=[], sa_flags=SA_RESTORER, sa_restorer=0x7a19a7242520}, {sa_handler=SIG_DFL, sa_mask=[], sa_flags=0}, 8) = 0
rt_sigaction(SIGTTIN, {sa_handler=SIG_DFL, sa_mask=[], sa_flags=SA_RESTORER, sa_restorer=0x7a19a7242520}, {sa_handler=SIG_DFL, sa_mask=[], sa_flags=SA_RESTORER, sa_restorer=0x7a19a7242520}, 8) = 0
rt_sigaction(SIGTTOU, {sa_handler=SIG_DFL, sa_mask=[], sa_flags=SA_RESTORER, sa_restorer=0x7a19a7242520}, {sa_handler=SIG_DFL, sa_mask=[], sa_flags=0}, 8) = 0
rt_sigaction(SIGTTOU, {sa_handler=SIG_DFL, sa_mask=[], sa_flags=SA_RESTORER, sa_restorer=0x7a19a7242520}, {sa_handler=SIG_DFL, sa_mask=[], sa_flags=SA_RESTORER, sa_restorer=0x7a19a7242520}, 8) = 0
rt_sigprocmask(SIG_BLOCK, NULL, [], 8)  = 0
rt_sigaction(SIGQUIT, {sa_handler=SIG_IGN, sa_mask=[], sa_flags=SA_RESTORER, sa_restorer=0x7a19a7242520}, {sa_handler=SIG_DFL, sa_mask=[], sa_flags=SA_RESTORER, sa_restorer=0x7a19a7242520}, 8) = 0
uname({sysname="Linux", nodename="jorge-Victus-by-HP-Gaming-Laptop-15-fa1xxx", ...}) = 0
newfstatat(AT_FDCWD, "/home/jorge/Desktop/SO_project/somm25nm-g51/scripts", {st_mode=S_IFDIR|0775, st_size=4096, ...}, 0) = 0
newfstatat(AT_FDCWD, ".", {st_mode=S_IFDIR|0775, st_size=4096, ...}, 0) = 0
newfstatat(AT_FDCWD, "/home", {st_mode=S_IFDIR|0755, st_size=4096, ...}, 0) = 0
newfstatat(AT_FDCWD, "/home/jorge", {st_mode=S_IFDIR|0750, st_size=4096, ...}, 0) = 0
newfstatat(AT_FDCWD, "/home/jorge/Desktop", {st_mode=S_IFDIR|0755, st_size=4096, ...}, 0) = 0
newfstatat(AT_FDCWD, "/home/jorge/Desktop/SO_project", {st_mode=S_IFDIR|0775, st_size=4096, ...}, 0) = 0
newfstatat(AT_FDCWD, "/home/jorge/Desktop/SO_project/somm25nm-g51", {st_mode=S_IFDIR|0775, st_size=4096, ...}, 0) = 0
newfstatat(AT_FDCWD, "/home/jorge/Desktop/SO_project/somm25nm-g51/scripts", {st_mode=S_IFDIR|0775, st_size=4096, ...}, 0) = 0
newfstatat(AT_FDCWD, "/home/jorge/Desktop/SO_project/somm25nm-g51", {st_mode=S_IFDIR|0775, st_size=4096, ...}, 0) = 0
getpid()                                = 10751
getppid()                               = 10748
getpid()                                = 10751
getppid()                               = 10748
getpid()                                = 10751
getppid()                               = 10748
getpgrp()                               = 10748
ioctl(2, TIOCGPGRP, [10748])            = 0
rt_sigaction(SIGCHLD, {sa_handler=0x61a87f325d70, sa_mask=[], sa_flags=SA_RESTORER|SA_RESTART, sa_restorer=0x7a19a7242520}, {sa_handler=SIG_DFL, sa_mask=[], sa_flags=SA_RESTORER|SA_RESTART, sa_restorer=0x7a19a7242520}, 8) = 0
prlimit64(0, RLIMIT_NPROC, NULL, {rlim_cur=62182, rlim_max=62182}) = 0
rt_sigprocmask(SIG_BLOCK, NULL, [], 8)  = 0
openat(AT_FDCWD, "./run.sh", O_RDONLY)  = 3
newfstatat(AT_FDCWD, "./run.sh", {st_mode=S_IFREG|0775, st_size=698, ...}, 0) = 0
ioctl(3, TCGETS, 0x7ffdc980daa0)        = -1 ENOTTY (Inappropriate ioctl for device)
lseek(3, 0, SEEK_CUR)                   = 0
read(3, "#!/bin/bash\n\n# Verifica se receb"..., 80) = 80
lseek(3, 0, SEEK_SET)                   = 0
prlimit64(0, RLIMIT_NOFILE, NULL, {rlim_cur=1024, rlim_max=1024*1024}) = 0
fcntl(255, F_GETFD)                     = -1 EBADF (Bad file descriptor)
dup2(3, 255)                            = 255
close(3)                                = 0
fcntl(255, F_SETFD, FD_CLOEXEC)         = 0
fcntl(255, F_GETFL)                     = 0x8000 (flags O_RDONLY|O_LARGEFILE)
newfstatat(255, "", {st_mode=S_IFREG|0775, st_size=698, ...}, AT_EMPTY_PATH) = 0
lseek(255, 0, SEEK_CUR)                 = 0
read(255, "#!/bin/bash\n\n# Verifica se receb"..., 698) = 698
rt_sigprocmask(SIG_BLOCK, NULL, [], 8)  = 0
rt_sigprocmask(SIG_BLOCK, NULL, [], 8)  = 0
pipe2([3, 4], 0)                        = 0
rt_sigprocmask(SIG_BLOCK, [CHLD], [], 8) = 0
rt_sigprocmask(SIG_SETMASK, [], NULL, 8) = 0
rt_sigprocmask(SIG_BLOCK, NULL, [], 8)  = 0
rt_sigprocmask(SIG_BLOCK, [INT TERM CHLD], [], 8) = 0
lseek(255, -510, SEEK_CUR)              = 188
clone(child_stack=NULL, flags=CLONE_CHILD_CLEARTID|CLONE_CHILD_SETTID|SIGCHLD, child_tidptr=0x7a19a74e8a10) = 10752
rt_sigprocmask(SIG_SETMASK, [], NULL, 8) = 0
rt_sigaction(SIGCHLD, {sa_handler=0x61a87f325d70, sa_mask=[], sa_flags=SA_RESTORER|SA_RESTART, sa_restorer=0x7a19a7242520}, {sa_handler=0x61a87f325d70, sa_mask=[], sa_flags=SA_RESTORER|SA_RESTART, sa_restorer=0x7a19a7242520}, 8) = 0
close(4)                                = 0
rt_sigprocmask(SIG_BLOCK, [INT], [], 8) = 0
read(3, ".\n", 512)                     = 2
--- SIGCHLD {si_signo=SIGCHLD, si_code=CLD_EXITED, si_pid=10752, si_uid=1000, si_status=0, si_utime=0, si_stime=0} ---
wait4(-1, [{WIFEXITED(s) && WEXITSTATUS(s) == 0}], WNOHANG, NULL) = 10752
wait4(-1, 0x7ffdc980c210, WNOHANG, NULL) = -1 ECHILD (No child processes)
rt_sigreturn({mask=[INT]})              = 2
read(3, "", 512)                        = 0
close(3)                                = 0
rt_sigprocmask(SIG_SETMASK, [], NULL, 8) = 0
rt_sigprocmask(SIG_BLOCK, [CHLD], [], 8) = 0
rt_sigaction(SIGINT, {sa_handler=0x61a87f327e40, sa_mask=[], sa_flags=SA_RESTORER, sa_restorer=0x7a19a7242520}, {sa_handler=SIG_DFL, sa_mask=[], sa_flags=SA_RESTORER, sa_restorer=0x7a19a7242520}, 8) = 0
rt_sigaction(SIGINT, {sa_handler=SIG_DFL, sa_mask=[], sa_flags=SA_RESTORER, sa_restorer=0x7a19a7242520}, {sa_handler=0x61a87f327e40, sa_mask=[], sa_flags=SA_RESTORER, sa_restorer=0x7a19a7242520}, 8) = 0
rt_sigprocmask(SIG_SETMASK, [], NULL, 8) = 0
read(255, "\n# Verifica se o execut\303\241vel exi"..., 698) = 510
newfstatat(AT_FDCWD, "./../bin/main", {st_mode=S_IFREG|0775, st_size=2491920, ...}, 0) = 0
rt_sigprocmask(SIG_BLOCK, NULL, [], 8)  = 0
rt_sigprocmask(SIG_BLOCK, [INT TERM CHLD], [], 8) = 0
rt_sigprocmask(SIG_BLOCK, [CHLD], [INT TERM CHLD], 8) = 0
rt_sigprocmask(SIG_SETMASK, [INT TERM CHLD], NULL, 8) = 0
lseek(255, -108, SEEK_CUR)              = 590
clone(child_stack=NULL, flags=CLONE_CHILD_CLEARTID|CLONE_CHILD_SETTID|SIGCHLD, child_tidptr=0x7a19a74e8a10) = 10753
rt_sigprocmask(SIG_SETMASK, [], NULL, 8) = 0
rt_sigprocmask(SIG_BLOCK, [CHLD], [], 8) = 0
rt_sigprocmask(SIG_SETMASK, [], NULL, 8) = 0
rt_sigprocmask(SIG_BLOCK, [CHLD], [], 8) = 0
rt_sigaction(SIGINT, {sa_handler=0x61a87f327e40, sa_mask=[], sa_flags=SA_RESTORER, sa_restorer=0x7a19a7242520}, {sa_handler=SIG_DFL, sa_mask=[], sa_flags=SA_RESTORER, sa_restorer=0x7a19a7242520}, 8) = 0
wait4(-1, [{WIFEXITED(s) && WEXITSTATUS(s) == 0}], 0, NULL) = 10753
rt_sigaction(SIGINT, {sa_handler=SIG_DFL, sa_mask=[], sa_flags=SA_RESTORER, sa_restorer=0x7a19a7242520}, {sa_handler=0x61a87f327e40, sa_mask=[], sa_flags=SA_RESTORER, sa_restorer=0x7a19a7242520}, 8) = 0
ioctl(2, TIOCGWINSZ, {ws_row=24, ws_col=80, ws_xpixel=0, ws_ypixel=0}) = 0
ioctl(1, TCGETS, {B38400 opost isig icanon echo ...}) = 0
getuid()                                = 1000
geteuid()                               = 1000
getgid()                                = 1000
getegid()                               = 1000
getuid()                                = 1000
geteuid()                               = 1000
getgid()                                = 1000
getegid()                               = 1000
newfstatat(AT_FDCWD, "/home/jorge/.terminfo", 0x61a88deb2220, 0) = -1 ENOENT (No such file or directory)
newfstatat(AT_FDCWD, "/etc/terminfo", {st_mode=S_IFDIR|0755, st_size=4096, ...}, 0) = 0
newfstatat(AT_FDCWD, "/lib/terminfo", {st_mode=S_IFDIR|0755, st_size=4096, ...}, 0) = 0
newfstatat(AT_FDCWD, "/usr/share/terminfo", {st_mode=S_IFDIR|0755, st_size=4096, ...}, 0) = 0
access("/etc/terminfo/x/xterm-256color", R_OK) = -1 ENOENT (No such file or directory)
access("/lib/terminfo/x/xterm-256color", R_OK) = 0
openat(AT_FDCWD, "/lib/terminfo/x/xterm-256color", O_RDONLY) = 3
newfstatat(3, "", {st_mode=S_IFREG|0644, st_size=3852, ...}, AT_EMPTY_PATH) = 0
read(3, "\36\2%\0&\0\17\0\235\1Z\6xterm-256color|xterm"..., 32768) = 3852
read(3, "", 28672)                      = 0
close(3)                                = 0
ioctl(1, TCGETS, {B38400 opost isig icanon echo ...}) = 0
ioctl(1, TCGETS, {B38400 opost isig icanon echo ...}) = 0
ioctl(1, TCGETS, {B38400 opost isig icanon echo ...}) = 0
ioctl(1, TCGETS, {B38400 opost isig icanon echo ...}) = 0
ioctl(1, TIOCGWINSZ, {ws_row=24, ws_col=80, ws_xpixel=0, ws_ypixel=0}) = 0
ioctl(0, TIOCGWINSZ, {ws_row=24, ws_col=80, ws_xpixel=0, ws_ypixel=0}) = 0
brk(0x61a88deda000)                     = 0x61a88deda000
rt_sigprocmask(SIG_SETMASK, [], NULL, 8) = 0
--- SIGCHLD {si_signo=SIGCHLD, si_code=CLD_EXITED, si_pid=10753, si_uid=1000, si_status=0, si_utime=0, si_stime=0} ---
wait4(-1, 0x7ffdc980c190, WNOHANG, NULL) = -1 ECHILD (No child processes)
rt_sigreturn({mask=[]})                 = 0
read(255, "run_main \"-b -r ${FUNC}-${FUNC}\""..., 698) = 108
rt_sigprocmask(SIG_BLOCK, NULL, [], 8)  = 0
rt_sigprocmask(SIG_BLOCK, [INT TERM CHLD], [], 8) = 0
lseek(255, -67, SEEK_CUR)               = 631
clone(child_stack=NULL, flags=CLONE_CHILD_CLEARTID|CLONE_CHILD_SETTID|SIGCHLD, child_tidptr=0x7a19a74e8a10) = 10754
rt_sigprocmask(SIG_SETMASK, [], NULL, 8) = 0
rt_sigprocmask(SIG_BLOCK, [CHLD], [], 8) = 0
rt_sigprocmask(SIG_SETMASK, [], NULL, 8) = 0
rt_sigprocmask(SIG_BLOCK, [CHLD], [], 8) = 0
rt_sigaction(SIGINT, {sa_handler=0x61a87f327e40, sa_mask=[], sa_flags=SA_RESTORER, sa_restorer=0x7a19a7242520}, {sa_handler=SIG_DFL, sa_mask=[], sa_flags=SA_RESTORER, sa_restorer=0x7a19a7242520}, 8) = 0
wait4(-1, [{WIFSIGNALED(s) && WTERMSIG(s) == SIGABRT && WCOREDUMP(s)}], 0, NULL) = 10754
rt_sigaction(SIGINT, {sa_handler=SIG_DFL, sa_mask=[], sa_flags=SA_RESTORER, sa_restorer=0x7a19a7242520}, {sa_handler=0x61a87f327e40, sa_mask=[], sa_flags=SA_RESTORER, sa_restorer=0x7a19a7242520}, 8) = 0
ioctl(2, TIOCGWINSZ, {ws_row=24, ws_col=80, ws_xpixel=0, ws_ypixel=0}) = 0
openat(AT_FDCWD, "/usr/share/locale/locale.alias", O_RDONLY|O_CLOEXEC) = 3
newfstatat(3, "", {st_mode=S_IFREG|0644, st_size=2996, ...}, AT_EMPTY_PATH) = 0
read(3, "# Locale name alias data base.\n#"..., 4096) = 2996
read(3, "", 4096)                       = 0
close(3)                                = 0
openat(AT_FDCWD, "/usr/share/locale/en_US.UTF-8/LC_MESSAGES/bash.mo", O_RDONLY) = -1 ENOENT (No such file or directory)
openat(AT_FDCWD, "/usr/share/locale/en_US.utf8/LC_MESSAGES/bash.mo", O_RDONLY) = -1 ENOENT (No such file or directory)
openat(AT_FDCWD, "/usr/share/locale/en_US/LC_MESSAGES/bash.mo", O_RDONLY) = -1 ENOENT (No such file or directory)
openat(AT_FDCWD, "/usr/share/locale/en.UTF-8/LC_MESSAGES/bash.mo", O_RDONLY) = -1 ENOENT (No such file or directory)
openat(AT_FDCWD, "/usr/share/locale/en.utf8/LC_MESSAGES/bash.mo", O_RDONLY) = -1 ENOENT (No such file or directory)
openat(AT_FDCWD, "/usr/share/locale/en/LC_MESSAGES/bash.mo", O_RDONLY) = -1 ENOENT (No such file or directory)
openat(AT_FDCWD, "/usr/share/locale-langpack/en_US.UTF-8/LC_MESSAGES/bash.mo", O_RDONLY) = -1 ENOENT (No such file or directory)
openat(AT_FDCWD, "/usr/share/locale-langpack/en_US.utf8/LC_MESSAGES/bash.mo", O_RDONLY) = -1 ENOENT (No such file or directory)
openat(AT_FDCWD, "/usr/share/locale-langpack/en_US/LC_MESSAGES/bash.mo", O_RDONLY) = -1 ENOENT (No such file or directory)
openat(AT_FDCWD, "/usr/share/locale-langpack/en.UTF-8/LC_MESSAGES/bash.mo", O_RDONLY) = -1 ENOENT (No such file or directory)
openat(AT_FDCWD, "/usr/share/locale-langpack/en.utf8/LC_MESSAGES/bash.mo", O_RDONLY) = -1 ENOENT (No such file or directory)
openat(AT_FDCWD, "/usr/share/locale-langpack/en/LC_MESSAGES/bash.mo", O_RDONLY) = -1 ENOENT (No such file or directory)
newfstatat(2, "", {st_mode=S_IFCHR|0620, st_rdev=makedev(0x88, 0), ...}, AT_EMPTY_PATH) = 0
openat(AT_FDCWD, "/usr/share/locale/en_US.UTF-8/LC_MESSAGES/libc.mo", O_RDONLY) = -1 ENOENT (No such file or directory)
openat(AT_FDCWD, "/usr/share/locale/en_US.utf8/LC_MESSAGES/libc.mo", O_RDONLY) = -1 ENOENT (No such file or directory)
openat(AT_FDCWD, "/usr/share/locale/en_US/LC_MESSAGES/libc.mo", O_RDONLY) = -1 ENOENT (No such file or directory)
openat(AT_FDCWD, "/usr/share/locale/en.UTF-8/LC_MESSAGES/libc.mo", O_RDONLY) = -1 ENOENT (No such file or directory)
openat(AT_FDCWD, "/usr/share/locale/en.utf8/LC_MESSAGES/libc.mo", O_RDONLY) = -1 ENOENT (No such file or directory)
openat(AT_FDCWD, "/usr/share/locale/en/LC_MESSAGES/libc.mo", O_RDONLY) = -1 ENOENT (No such file or directory)
openat(AT_FDCWD, "/usr/share/locale-langpack/en_US.UTF-8/LC_MESSAGES/libc.mo", O_RDONLY) = -1 ENOENT (No such file or directory)
openat(AT_FDCWD, "/usr/share/locale-langpack/en_US.utf8/LC_MESSAGES/libc.mo", O_RDONLY) = -1 ENOENT (No such file or directory)
openat(AT_FDCWD, "/usr/share/locale-langpack/en_US/LC_MESSAGES/libc.mo", O_RDONLY) = -1 ENOENT (No such file or directory)
openat(AT_FDCWD, "/usr/share/locale-langpack/en.UTF-8/LC_MESSAGES/libc.mo", O_RDONLY) = -1 ENOENT (No such file or directory)
openat(AT_FDCWD, "/usr/share/locale-langpack/en.utf8/LC_MESSAGES/libc.mo", O_RDONLY) = -1 ENOENT (No such file or directory)
openat(AT_FDCWD, "/usr/share/locale-langpack/en/LC_MESSAGES/libc.mo", O_RDONLY) = -1 ENOENT (No such file or directory)
write(2, "./run.sh: line 21: 10754 Aborted"..., 89) = 89
rt_sigprocmask(SIG_SETMASK, [], NULL, 8) = 0
--- SIGCHLD {si_signo=SIGCHLD, si_code=CLD_DUMPED, si_pid=10754, si_uid=1000, si_status=SIGABRT, si_utime=0, si_stime=0} ---
wait4(-1, 0x7ffdc980c190, WNOHANG, NULL) = -1 ECHILD (No child processes)
rt_sigreturn({mask=[]})                 = 0
newfstatat(1, "", {st_mode=S_IFCHR|0620, st_rdev=makedev(0x88, 0), ...}, AT_EMPTY_PATH) = 0
write(1, "Aviso: main falhou com args '-b "..., 64) = 64
read(255, "\n# Abre o meld mesmo que main te"..., 698) = 67
newfstatat(AT_FDCWD, ".", {st_mode=S_IFDIR|0775, st_size=4096, ...}, 0) = 0
newfstatat(AT_FDCWD, "/home/jorge/.local/bin/meld", 0x7ffdc980d590, 0) = -1 ENOENT (No such file or directory)
newfstatat(AT_FDCWD, "/usr/local/sbin/meld", 0x7ffdc980d590, 0) = -1 ENOENT (No such file or directory)
newfstatat(AT_FDCWD, "/usr/local/bin/meld", 0x7ffdc980d590, 0) = -1 ENOENT (No such file or directory)
newfstatat(AT_FDCWD, "/usr/sbin/meld", 0x7ffdc980d590, 0) = -1 ENOENT (No such file or directory)
newfstatat(AT_FDCWD, "/usr/bin/meld", {st_mode=S_IFREG|0755, st_size=13708, ...}, 0) = 0
newfstatat(AT_FDCWD, "/usr/bin/meld", {st_mode=S_IFREG|0755, st_size=13708, ...}, 0) = 0
geteuid()                               = 1000
getegid()                               = 1000
getuid()                                = 1000
getgid()                                = 1000
access("/usr/bin/meld", X_OK)           = 0
newfstatat(AT_FDCWD, "/usr/bin/meld", {st_mode=S_IFREG|0755, st_size=13708, ...}, 0) = 0
geteuid()                               = 1000
getegid()                               = 1000
getuid()                                = 1000
getgid()                                = 1000
access("/usr/bin/meld", R_OK)           = 0
newfstatat(AT_FDCWD, "/usr/bin/meld", {st_mode=S_IFREG|0755, st_size=13708, ...}, 0) = 0
newfstatat(AT_FDCWD, "/usr/bin/meld", {st_mode=S_IFREG|0755, st_size=13708, ...}, 0) = 0
geteuid()                               = 1000
getegid()                               = 1000
getuid()                                = 1000
getgid()                                = 1000
access("/usr/bin/meld", X_OK)           = 0
newfstatat(AT_FDCWD, "/usr/bin/meld", {st_mode=S_IFREG|0755, st_size=13708, ...}, 0) = 0
geteuid()                               = 1000
getegid()                               = 1000
getuid()                                = 1000
getgid()                                = 1000
access("/usr/bin/meld", R_OK)           = 0
rt_sigprocmask(SIG_BLOCK, NULL, [], 8)  = 0
rt_sigprocmask(SIG_BLOCK, [INT TERM CHLD], [], 8) = 0
clone(child_stack=NULL, flags=CLONE_CHILD_CLEARTID|CLONE_CHILD_SETTID|SIGCHLD, child_tidptr=0x7a19a74e8a10) = 10756
rt_sigprocmask(SIG_SETMASK, [], NULL, 8) = 0
rt_sigprocmask(SIG_BLOCK, [CHLD], [], 8) = 0
rt_sigprocmask(SIG_SETMASK, [], NULL, 8) = 0
rt_sigprocmask(SIG_BLOCK, [CHLD], [], 8) = 0
rt_sigaction(SIGINT, {sa_handler=0x61a87f327e40, sa_mask=[], sa_flags=SA_RESTORER, sa_restorer=0x7a19a7242520}, {sa_handler=SIG_DFL, sa_mask=[], sa_flags=SA_RESTORER, sa_restorer=0x7a19a7242520}, 8) = 0
wait4(-1, [{WIFEXITED(s) && WEXITSTATUS(s) == 0}], 0, NULL) = 10756
rt_sigaction(SIGINT, {sa_handler=SIG_DFL, sa_mask=[], sa_flags=SA_RESTORER, sa_restorer=0x7a19a7242520}, {sa_handler=0x61a87f327e40, sa_mask=[], sa_flags=SA_RESTORER, sa_restorer=0x7a19a7242520}, 8) = 0
ioctl(2, TIOCGWINSZ, {ws_row=24, ws_col=80, ws_xpixel=0, ws_ypixel=0}) = 0
rt_sigprocmask(SIG_SETMASK, [], NULL, 8) = 0
--- SIGCHLD {si_signo=SIGCHLD, si_code=CLD_EXITED, si_pid=10756, si_uid=1000, si_status=0, si_utime=79, si_stime=11} ---
wait4(-1, 0x7ffdc980c910, WNOHANG, NULL) = -1 ECHILD (No child processes)
rt_sigreturn({mask=[]})                 = 0
read(255, "", 698)                      = 0
rt_sigprocmask(SIG_BLOCK, [CHLD], [], 8) = 0
rt_sigprocmask(SIG_SETMASK, [], NULL, 8) = 0
exit_group(0)                           = ?
+++ exited with 0 +++
