Analysis & Synthesis report for airfryer
Sun Jun  2 02:34:27 2024
Quartus Prime Version 22.1std.2 Build 922 07/20/2023 SC Lite Edition


---------------------
; Table of Contents ;
---------------------
  1. Legal Notice
  2. Analysis & Synthesis Summary
  3. Analysis & Synthesis Settings
  4. Parallel Compilation
  5. Analysis & Synthesis Source Files Read
  6. Analysis & Synthesis Resource Usage Summary
  7. Analysis & Synthesis Resource Utilization by Entity
  8. State Machine - |airfryer_controller|state_machine:state_machine|s_state
  9. User-Specified and Inferred Latches
 10. Registers Removed During Synthesis
 11. Removed Registers Triggering Further Register Optimizations
 12. General Register Statistics
 13. Inverted Register Statistics
 14. Multiplexer Restructuring Statistics (Restructuring Performed)
 15. Parameter Settings for User Entity Instance: Debouncer:Debouncer0
 16. Parameter Settings for User Entity Instance: Debouncer:Debouncer1
 17. Parameter Settings for User Entity Instance: Debouncer:Debouncer2
 18. Parameter Settings for User Entity Instance: Debouncer:Debouncer3
 19. Parameter Settings for Inferred Entity Instance: IntTo7SegDecoder:IntTo7SegDecoder|lpm_divide:Mod1
 20. Parameter Settings for Inferred Entity Instance: IntTo7SegDecoder:IntTo7SegDecoder|lpm_divide:Div1
 21. Parameter Settings for Inferred Entity Instance: IntTo7SegDecoder:IntTo7SegDecoder|lpm_divide:Mod2
 22. Parameter Settings for Inferred Entity Instance: IntTo7SegDecoder:IntTo7SegDecoder|lpm_divide:Div2
 23. Parameter Settings for Inferred Entity Instance: IntTo7SegDecoder:IntTo7SegDecoder|lpm_divide:Mod0
 24. Parameter Settings for Inferred Entity Instance: IntTo7SegDecoder:IntTo7SegDecoder|lpm_divide:Div0
 25. Port Connectivity Checks: "state_machine:state_machine"
 26. Port Connectivity Checks: "temp_control:temperature_control"
 27. Port Connectivity Checks: "AirFryerPrograms:AirFryerPrograms"
 28. Post-Synthesis Netlist Statistics for Top Partition
 29. Elapsed Time Per Partition
 30. Analysis & Synthesis Messages



----------------
; Legal Notice ;
----------------
Copyright (C) 2023  Intel Corporation. All rights reserved.
Your use of Intel Corporation's design tools, logic functions 
and other software and tools, and any partner logic 
functions, and any output files from any of the foregoing 
(including device programming or simulation files), and any 
associated documentation or information are expressly subject 
to the terms and conditions of the Intel Program License 
Subscription Agreement, the Intel Quartus Prime License Agreement,
the Intel FPGA IP License Agreement, or other applicable license
agreement, including, without limitation, that your use is for
the sole purpose of programming logic devices manufactured by
Intel and sold by Intel or its authorized distributors.  Please
refer to the applicable agreement for further details, at
https://fpgasoftware.intel.com/eula.



+-------------------------------------------------------------------------------------+
; Analysis & Synthesis Summary                                                        ;
+------------------------------------+------------------------------------------------+
; Analysis & Synthesis Status        ; Successful - Sun Jun  2 02:34:27 2024          ;
; Quartus Prime Version              ; 22.1std.2 Build 922 07/20/2023 SC Lite Edition ;
; Revision Name                      ; airfryer                                       ;
; Top-level Entity Name              ; airfryer_controller                            ;
; Family                             ; Cyclone IV E                                   ;
; Total logic elements               ; 1,049                                          ;
;     Total combinational functions  ; 1,027                                          ;
;     Dedicated logic registers      ; 347                                            ;
; Total registers                    ; 347                                            ;
; Total pins                         ; 60                                             ;
; Total virtual pins                 ; 0                                              ;
; Total memory bits                  ; 0                                              ;
; Embedded Multiplier 9-bit elements ; 0                                              ;
; Total PLLs                         ; 0                                              ;
+------------------------------------+------------------------------------------------+


+-------------------------------------------------------------------------------------------------------------+
; Analysis & Synthesis Settings                                                                               ;
+------------------------------------------------------------------+---------------------+--------------------+
; Option                                                           ; Setting             ; Default Value      ;
+------------------------------------------------------------------+---------------------+--------------------+
; Device                                                           ; EP4CE115F29C7       ;                    ;
; Top-level entity name                                            ; airfryer_controller ; airfryer           ;
; Family name                                                      ; Cyclone IV E        ; Cyclone V          ;
; Use smart compilation                                            ; Off                 ; Off                ;
; Enable parallel Assembler and Timing Analyzer during compilation ; On                  ; On                 ;
; Enable compact report table                                      ; Off                 ; Off                ;
; Restructure Multiplexers                                         ; Auto                ; Auto               ;
; Create Debugging Nodes for IP Cores                              ; Off                 ; Off                ;
; Preserve fewer node names                                        ; On                  ; On                 ;
; Intel FPGA IP Evaluation Mode                                    ; Enable              ; Enable             ;
; Verilog Version                                                  ; Verilog_2001        ; Verilog_2001       ;
; VHDL Version                                                     ; VHDL_1993           ; VHDL_1993          ;
; State Machine Processing                                         ; Auto                ; Auto               ;
; Safe State Machine                                               ; Off                 ; Off                ;
; Extract Verilog State Machines                                   ; On                  ; On                 ;
; Extract VHDL State Machines                                      ; On                  ; On                 ;
; Ignore Verilog initial constructs                                ; Off                 ; Off                ;
; Iteration limit for constant Verilog loops                       ; 5000                ; 5000               ;
; Iteration limit for non-constant Verilog loops                   ; 250                 ; 250                ;
; Add Pass-Through Logic to Inferred RAMs                          ; On                  ; On                 ;
; Infer RAMs from Raw Logic                                        ; On                  ; On                 ;
; Parallel Synthesis                                               ; On                  ; On                 ;
; DSP Block Balancing                                              ; Auto                ; Auto               ;
; NOT Gate Push-Back                                               ; On                  ; On                 ;
; Power-Up Don't Care                                              ; On                  ; On                 ;
; Remove Redundant Logic Cells                                     ; Off                 ; Off                ;
; Remove Duplicate Registers                                       ; On                  ; On                 ;
; Ignore CARRY Buffers                                             ; Off                 ; Off                ;
; Ignore CASCADE Buffers                                           ; Off                 ; Off                ;
; Ignore GLOBAL Buffers                                            ; Off                 ; Off                ;
; Ignore ROW GLOBAL Buffers                                        ; Off                 ; Off                ;
; Ignore LCELL Buffers                                             ; Off                 ; Off                ;
; Ignore SOFT Buffers                                              ; On                  ; On                 ;
; Limit AHDL Integers to 32 Bits                                   ; Off                 ; Off                ;
; Optimization Technique                                           ; Balanced            ; Balanced           ;
; Carry Chain Length                                               ; 70                  ; 70                 ;
; Auto Carry Chains                                                ; On                  ; On                 ;
; Auto Open-Drain Pins                                             ; On                  ; On                 ;
; Perform WYSIWYG Primitive Resynthesis                            ; Off                 ; Off                ;
; Auto ROM Replacement                                             ; On                  ; On                 ;
; Auto RAM Replacement                                             ; On                  ; On                 ;
; Auto DSP Block Replacement                                       ; On                  ; On                 ;
; Auto Shift Register Replacement                                  ; Auto                ; Auto               ;
; Allow Shift Register Merging across Hierarchies                  ; Auto                ; Auto               ;
; Auto Clock Enable Replacement                                    ; On                  ; On                 ;
; Strict RAM Replacement                                           ; Off                 ; Off                ;
; Allow Synchronous Control Signals                                ; On                  ; On                 ;
; Force Use of Synchronous Clear Signals                           ; Off                 ; Off                ;
; Auto RAM Block Balancing                                         ; On                  ; On                 ;
; Auto RAM to Logic Cell Conversion                                ; Off                 ; Off                ;
; Auto Resource Sharing                                            ; Off                 ; Off                ;
; Allow Any RAM Size For Recognition                               ; Off                 ; Off                ;
; Allow Any ROM Size For Recognition                               ; Off                 ; Off                ;
; Allow Any Shift Register Size For Recognition                    ; Off                 ; Off                ;
; Use LogicLock Constraints during Resource Balancing              ; On                  ; On                 ;
; Ignore translate_off and synthesis_off directives                ; Off                 ; Off                ;
; Timing-Driven Synthesis                                          ; On                  ; On                 ;
; Report Parameter Settings                                        ; On                  ; On                 ;
; Report Source Assignments                                        ; On                  ; On                 ;
; Report Connectivity Checks                                       ; On                  ; On                 ;
; Ignore Maximum Fan-Out Assignments                               ; Off                 ; Off                ;
; Synchronization Register Chain Length                            ; 2                   ; 2                  ;
; Power Optimization During Synthesis                              ; Normal compilation  ; Normal compilation ;
; HDL message level                                                ; Level2              ; Level2             ;
; Suppress Register Optimization Related Messages                  ; Off                 ; Off                ;
; Number of Removed Registers Reported in Synthesis Report         ; 5000                ; 5000               ;
; Number of Swept Nodes Reported in Synthesis Report               ; 5000                ; 5000               ;
; Number of Inverted Registers Reported in Synthesis Report        ; 100                 ; 100                ;
; Clock MUX Protection                                             ; On                  ; On                 ;
; Auto Gated Clock Conversion                                      ; Off                 ; Off                ;
; Block Design Naming                                              ; Auto                ; Auto               ;
; SDC constraint protection                                        ; Off                 ; Off                ;
; Synthesis Effort                                                 ; Auto                ; Auto               ;
; Shift Register Replacement - Allow Asynchronous Clear Signal     ; On                  ; On                 ;
; Pre-Mapping Resynthesis Optimization                             ; Off                 ; Off                ;
; Analysis & Synthesis Message Level                               ; Medium              ; Medium             ;
; Disable Register Merging Across Hierarchies                      ; Auto                ; Auto               ;
; Resource Aware Inference For Block RAM                           ; On                  ; On                 ;
+------------------------------------------------------------------+---------------------+--------------------+


+------------------------------------------+
; Parallel Compilation                     ;
+----------------------------+-------------+
; Processors                 ; Number      ;
+----------------------------+-------------+
; Number detected on machine ; 16          ;
; Maximum allowed            ; 16          ;
;                            ;             ;
; Average used               ; 1.01        ;
; Maximum used               ; 16          ;
;                            ;             ;
; Usage by Processor         ; % Time Used ;
;     Processor 1            ; 100.0%      ;
;     Processor 2            ;   0.1%      ;
;     Processors 3-16        ;   0.1%      ;
+----------------------------+-------------+


+------------------------------------------------------------------------------------------------------------------------------------------------------------------------------------------------+
; Analysis & Synthesis Source Files Read                                                                                                                                                         ;
+----------------------------------+-----------------+------------------------------+--------------------------------------------------------------------------------------------------+---------+
; File Name with User-Entered Path ; Used in Netlist ; File Type                    ; File Name with Absolute Path                                                                     ; Library ;
+----------------------------------+-----------------+------------------------------+--------------------------------------------------------------------------------------------------+---------+
; temp_control.vhd                 ; yes             ; User VHDL File               ; C:/Users/andre/Documents/semestre2/LSD/PRATICA/Proj_final4/Proj_final/temp_control.vhd           ;         ;
; time_control.vhd                 ; yes             ; User VHDL File               ; C:/Users/andre/Documents/semestre2/LSD/PRATICA/Proj_final4/Proj_final/time_control.vhd           ;         ;
; state_machine.vhd                ; yes             ; User VHDL File               ; C:/Users/andre/Documents/semestre2/LSD/PRATICA/Proj_final4/Proj_final/state_machine.vhd          ;         ;
; airfryer_controller.vhd          ; yes             ; User VHDL File               ; C:/Users/andre/Documents/semestre2/LSD/PRATICA/Proj_final4/Proj_final/airfryer_controller.vhd    ;         ;
; AirFryerPrograms.vhd             ; yes             ; User VHDL File               ; C:/Users/andre/Documents/semestre2/LSD/PRATICA/Proj_final4/Proj_final/AirFryerPrograms.vhd       ;         ;
; Debouncer.vhd                    ; yes             ; User VHDL File               ; C:/Users/andre/Documents/semestre2/LSD/PRATICA/Proj_final4/Proj_final/Debouncer.vhd              ;         ;
; IntTo7SegDecoder.vhd             ; yes             ; User VHDL File               ; C:/Users/andre/Documents/semestre2/LSD/PRATICA/Proj_final4/Proj_final/IntTo7SegDecoder.vhd       ;         ;
; User_prog.vhd                    ; yes             ; User VHDL File               ; C:/Users/andre/Documents/semestre2/LSD/PRATICA/Proj_final4/Proj_final/User_prog.vhd              ;         ;
; lpm_divide.tdf                   ; yes             ; Megafunction                 ; c:/andre/isd/quartus/quartus/libraries/megafunctions/lpm_divide.tdf                              ;         ;
; abs_divider.inc                  ; yes             ; Megafunction                 ; c:/andre/isd/quartus/quartus/libraries/megafunctions/abs_divider.inc                             ;         ;
; sign_div_unsign.inc              ; yes             ; Megafunction                 ; c:/andre/isd/quartus/quartus/libraries/megafunctions/sign_div_unsign.inc                         ;         ;
; aglobal221.inc                   ; yes             ; Megafunction                 ; c:/andre/isd/quartus/quartus/libraries/megafunctions/aglobal221.inc                              ;         ;
; db/lpm_divide_ccm.tdf            ; yes             ; Auto-Generated Megafunction  ; C:/Users/andre/Documents/semestre2/LSD/PRATICA/Proj_final4/Proj_final/db/lpm_divide_ccm.tdf      ;         ;
; db/sign_div_unsign_1nh.tdf       ; yes             ; Auto-Generated Megafunction  ; C:/Users/andre/Documents/semestre2/LSD/PRATICA/Proj_final4/Proj_final/db/sign_div_unsign_1nh.tdf ;         ;
; db/alt_u_div_m9f.tdf             ; yes             ; Auto-Generated Megafunction  ; C:/Users/andre/Documents/semestre2/LSD/PRATICA/Proj_final4/Proj_final/db/alt_u_div_m9f.tdf       ;         ;
; db/add_sub_7pc.tdf               ; yes             ; Auto-Generated Megafunction  ; C:/Users/andre/Documents/semestre2/LSD/PRATICA/Proj_final4/Proj_final/db/add_sub_7pc.tdf         ;         ;
; db/add_sub_8pc.tdf               ; yes             ; Auto-Generated Megafunction  ; C:/Users/andre/Documents/semestre2/LSD/PRATICA/Proj_final4/Proj_final/db/add_sub_8pc.tdf         ;         ;
; db/lpm_divide_sim.tdf            ; yes             ; Auto-Generated Megafunction  ; C:/Users/andre/Documents/semestre2/LSD/PRATICA/Proj_final4/Proj_final/db/lpm_divide_sim.tdf      ;         ;
; db/sign_div_unsign_klh.tdf       ; yes             ; Auto-Generated Megafunction  ; C:/Users/andre/Documents/semestre2/LSD/PRATICA/Proj_final4/Proj_final/db/sign_div_unsign_klh.tdf ;         ;
; db/alt_u_div_s6f.tdf             ; yes             ; Auto-Generated Megafunction  ; C:/Users/andre/Documents/semestre2/LSD/PRATICA/Proj_final4/Proj_final/db/alt_u_div_s6f.tdf       ;         ;
; db/lpm_divide_vim.tdf            ; yes             ; Auto-Generated Megafunction  ; C:/Users/andre/Documents/semestre2/LSD/PRATICA/Proj_final4/Proj_final/db/lpm_divide_vim.tdf      ;         ;
; db/sign_div_unsign_nlh.tdf       ; yes             ; Auto-Generated Megafunction  ; C:/Users/andre/Documents/semestre2/LSD/PRATICA/Proj_final4/Proj_final/db/sign_div_unsign_nlh.tdf ;         ;
; db/alt_u_div_27f.tdf             ; yes             ; Auto-Generated Megafunction  ; C:/Users/andre/Documents/semestre2/LSD/PRATICA/Proj_final4/Proj_final/db/alt_u_div_27f.tdf       ;         ;
; db/lpm_divide_m9m.tdf            ; yes             ; Auto-Generated Megafunction  ; C:/Users/andre/Documents/semestre2/LSD/PRATICA/Proj_final4/Proj_final/db/lpm_divide_m9m.tdf      ;         ;
; db/sign_div_unsign_ckh.tdf       ; yes             ; Auto-Generated Megafunction  ; C:/Users/andre/Documents/semestre2/LSD/PRATICA/Proj_final4/Proj_final/db/sign_div_unsign_ckh.tdf ;         ;
; db/alt_u_div_b4f.tdf             ; yes             ; Auto-Generated Megafunction  ; C:/Users/andre/Documents/semestre2/LSD/PRATICA/Proj_final4/Proj_final/db/alt_u_div_b4f.tdf       ;         ;
; db/lpm_divide_hhm.tdf            ; yes             ; Auto-Generated Megafunction  ; C:/Users/andre/Documents/semestre2/LSD/PRATICA/Proj_final4/Proj_final/db/lpm_divide_hhm.tdf      ;         ;
; db/sign_div_unsign_9kh.tdf       ; yes             ; Auto-Generated Megafunction  ; C:/Users/andre/Documents/semestre2/LSD/PRATICA/Proj_final4/Proj_final/db/sign_div_unsign_9kh.tdf ;         ;
; db/alt_u_div_64f.tdf             ; yes             ; Auto-Generated Megafunction  ; C:/Users/andre/Documents/semestre2/LSD/PRATICA/Proj_final4/Proj_final/db/alt_u_div_64f.tdf       ;         ;
+----------------------------------+-----------------+------------------------------+--------------------------------------------------------------------------------------------------+---------+


+--------------------------------------------------------------+
; Analysis & Synthesis Resource Usage Summary                  ;
+---------------------------------------------+----------------+
; Resource                                    ; Usage          ;
+---------------------------------------------+----------------+
; Estimated Total logic elements              ; 1,049          ;
;                                             ;                ;
; Total combinational functions               ; 1027           ;
; Logic element usage by number of LUT inputs ;                ;
;     -- 4 input functions                    ; 261            ;
;     -- 3 input functions                    ; 269            ;
;     -- <=2 input functions                  ; 497            ;
;                                             ;                ;
; Logic elements by mode                      ;                ;
;     -- normal mode                          ; 607            ;
;     -- arithmetic mode                      ; 420            ;
;                                             ;                ;
; Total registers                             ; 347            ;
;     -- Dedicated logic registers            ; 347            ;
;     -- I/O registers                        ; 0              ;
;                                             ;                ;
; I/O pins                                    ; 60             ;
;                                             ;                ;
; Embedded Multiplier 9-bit elements          ; 0              ;
;                                             ;                ;
; Maximum fan-out node                        ; CLOCK_50~input ;
; Maximum fan-out                             ; 253            ;
; Total fan-out                               ; 3960           ;
; Average fan-out                             ; 2.65           ;
+---------------------------------------------+----------------+


+--------------------------------------------------------------------------------------------------------------------------------------------------------------------------------------------------------------------------------------------------------------------------------------------------------------------------------------------------------------------+
; Analysis & Synthesis Resource Utilization by Entity                                                                                                                                                                                                                                                                                                                ;
+-------------------------------------------+---------------------+---------------------------+-------------+--------------+---------+-----------+------+--------------+--------------------------------------------------------------------------------------------------------------------------------------------------------+---------------------+--------------+
; Compilation Hierarchy Node                ; Combinational ALUTs ; Dedicated Logic Registers ; Memory Bits ; DSP Elements ; DSP 9x9 ; DSP 18x18 ; Pins ; Virtual Pins ; Full Hierarchy Name                                                                                                                                    ; Entity Name         ; Library Name ;
+-------------------------------------------+---------------------+---------------------------+-------------+--------------+---------+-----------+------+--------------+--------------------------------------------------------------------------------------------------------------------------------------------------------+---------------------+--------------+
; |airfryer_controller                      ; 1027 (0)            ; 347 (0)                   ; 0           ; 0            ; 0       ; 0         ; 60   ; 0            ; |airfryer_controller                                                                                                                                   ; airfryer_controller ; work         ;
;    |AirFryerPrograms:AirFryerPrograms|    ; 15 (15)             ; 11 (11)                   ; 0           ; 0            ; 0       ; 0         ; 0    ; 0            ; |airfryer_controller|AirFryerPrograms:AirFryerPrograms                                                                                                 ; AirFryerPrograms    ; work         ;
;    |Debouncer:Debouncer0|                 ; 40 (40)             ; 26 (26)                   ; 0           ; 0            ; 0       ; 0         ; 0    ; 0            ; |airfryer_controller|Debouncer:Debouncer0                                                                                                              ; Debouncer           ; work         ;
;    |Debouncer:Debouncer1|                 ; 40 (40)             ; 26 (26)                   ; 0           ; 0            ; 0       ; 0         ; 0    ; 0            ; |airfryer_controller|Debouncer:Debouncer1                                                                                                              ; Debouncer           ; work         ;
;    |Debouncer:Debouncer2|                 ; 40 (40)             ; 26 (26)                   ; 0           ; 0            ; 0       ; 0         ; 0    ; 0            ; |airfryer_controller|Debouncer:Debouncer2                                                                                                              ; Debouncer           ; work         ;
;    |Debouncer:Debouncer3|                 ; 40 (40)             ; 26 (26)                   ; 0           ; 0            ; 0       ; 0         ; 0    ; 0            ; |airfryer_controller|Debouncer:Debouncer3                                                                                                              ; Debouncer           ; work         ;
;    |IntTo7SegDecoder:IntTo7SegDecoder|    ; 318 (30)            ; 0 (0)                     ; 0           ; 0            ; 0       ; 0         ; 0    ; 0            ; |airfryer_controller|IntTo7SegDecoder:IntTo7SegDecoder                                                                                                 ; IntTo7SegDecoder    ; work         ;
;       |lpm_divide:Div0|                   ; 30 (0)              ; 0 (0)                     ; 0           ; 0            ; 0       ; 0         ; 0    ; 0            ; |airfryer_controller|IntTo7SegDecoder:IntTo7SegDecoder|lpm_divide:Div0                                                                                 ; lpm_divide          ; work         ;
;          |lpm_divide_hhm:auto_generated|  ; 30 (0)              ; 0 (0)                     ; 0           ; 0            ; 0       ; 0         ; 0    ; 0            ; |airfryer_controller|IntTo7SegDecoder:IntTo7SegDecoder|lpm_divide:Div0|lpm_divide_hhm:auto_generated                                                   ; lpm_divide_hhm      ; work         ;
;             |sign_div_unsign_9kh:divider| ; 30 (0)              ; 0 (0)                     ; 0           ; 0            ; 0       ; 0         ; 0    ; 0            ; |airfryer_controller|IntTo7SegDecoder:IntTo7SegDecoder|lpm_divide:Div0|lpm_divide_hhm:auto_generated|sign_div_unsign_9kh:divider                       ; sign_div_unsign_9kh ; work         ;
;                |alt_u_div_64f:divider|    ; 30 (30)             ; 0 (0)                     ; 0           ; 0            ; 0       ; 0         ; 0    ; 0            ; |airfryer_controller|IntTo7SegDecoder:IntTo7SegDecoder|lpm_divide:Div0|lpm_divide_hhm:auto_generated|sign_div_unsign_9kh:divider|alt_u_div_64f:divider ; alt_u_div_64f       ; work         ;
;       |lpm_divide:Div1|                   ; 57 (0)              ; 0 (0)                     ; 0           ; 0            ; 0       ; 0         ; 0    ; 0            ; |airfryer_controller|IntTo7SegDecoder:IntTo7SegDecoder|lpm_divide:Div1                                                                                 ; lpm_divide          ; work         ;
;          |lpm_divide_sim:auto_generated|  ; 57 (0)              ; 0 (0)                     ; 0           ; 0            ; 0       ; 0         ; 0    ; 0            ; |airfryer_controller|IntTo7SegDecoder:IntTo7SegDecoder|lpm_divide:Div1|lpm_divide_sim:auto_generated                                                   ; lpm_divide_sim      ; work         ;
;             |sign_div_unsign_klh:divider| ; 57 (0)              ; 0 (0)                     ; 0           ; 0            ; 0       ; 0         ; 0    ; 0            ; |airfryer_controller|IntTo7SegDecoder:IntTo7SegDecoder|lpm_divide:Div1|lpm_divide_sim:auto_generated|sign_div_unsign_klh:divider                       ; sign_div_unsign_klh ; work         ;
;                |alt_u_div_s6f:divider|    ; 57 (57)             ; 0 (0)                     ; 0           ; 0            ; 0       ; 0         ; 0    ; 0            ; |airfryer_controller|IntTo7SegDecoder:IntTo7SegDecoder|lpm_divide:Div1|lpm_divide_sim:auto_generated|sign_div_unsign_klh:divider|alt_u_div_s6f:divider ; alt_u_div_s6f       ; work         ;
;       |lpm_divide:Div2|                   ; 26 (0)              ; 0 (0)                     ; 0           ; 0            ; 0       ; 0         ; 0    ; 0            ; |airfryer_controller|IntTo7SegDecoder:IntTo7SegDecoder|lpm_divide:Div2                                                                                 ; lpm_divide          ; work         ;
;          |lpm_divide_vim:auto_generated|  ; 26 (0)              ; 0 (0)                     ; 0           ; 0            ; 0       ; 0         ; 0    ; 0            ; |airfryer_controller|IntTo7SegDecoder:IntTo7SegDecoder|lpm_divide:Div2|lpm_divide_vim:auto_generated                                                   ; lpm_divide_vim      ; work         ;
;             |sign_div_unsign_nlh:divider| ; 26 (0)              ; 0 (0)                     ; 0           ; 0            ; 0       ; 0         ; 0    ; 0            ; |airfryer_controller|IntTo7SegDecoder:IntTo7SegDecoder|lpm_divide:Div2|lpm_divide_vim:auto_generated|sign_div_unsign_nlh:divider                       ; sign_div_unsign_nlh ; work         ;
;                |alt_u_div_27f:divider|    ; 26 (26)             ; 0 (0)                     ; 0           ; 0            ; 0       ; 0         ; 0    ; 0            ; |airfryer_controller|IntTo7SegDecoder:IntTo7SegDecoder|lpm_divide:Div2|lpm_divide_vim:auto_generated|sign_div_unsign_nlh:divider|alt_u_div_27f:divider ; alt_u_div_27f       ; work         ;
;       |lpm_divide:Mod0|                   ; 36 (0)              ; 0 (0)                     ; 0           ; 0            ; 0       ; 0         ; 0    ; 0            ; |airfryer_controller|IntTo7SegDecoder:IntTo7SegDecoder|lpm_divide:Mod0                                                                                 ; lpm_divide          ; work         ;
;          |lpm_divide_m9m:auto_generated|  ; 36 (0)              ; 0 (0)                     ; 0           ; 0            ; 0       ; 0         ; 0    ; 0            ; |airfryer_controller|IntTo7SegDecoder:IntTo7SegDecoder|lpm_divide:Mod0|lpm_divide_m9m:auto_generated                                                   ; lpm_divide_m9m      ; work         ;
;             |sign_div_unsign_ckh:divider| ; 36 (0)              ; 0 (0)                     ; 0           ; 0            ; 0       ; 0         ; 0    ; 0            ; |airfryer_controller|IntTo7SegDecoder:IntTo7SegDecoder|lpm_divide:Mod0|lpm_divide_m9m:auto_generated|sign_div_unsign_ckh:divider                       ; sign_div_unsign_ckh ; work         ;
;                |alt_u_div_b4f:divider|    ; 36 (36)             ; 0 (0)                     ; 0           ; 0            ; 0       ; 0         ; 0    ; 0            ; |airfryer_controller|IntTo7SegDecoder:IntTo7SegDecoder|lpm_divide:Mod0|lpm_divide_m9m:auto_generated|sign_div_unsign_ckh:divider|alt_u_div_b4f:divider ; alt_u_div_b4f       ; work         ;
;       |lpm_divide:Mod1|                   ; 101 (0)             ; 0 (0)                     ; 0           ; 0            ; 0       ; 0         ; 0    ; 0            ; |airfryer_controller|IntTo7SegDecoder:IntTo7SegDecoder|lpm_divide:Mod1                                                                                 ; lpm_divide          ; work         ;
;          |lpm_divide_ccm:auto_generated|  ; 101 (0)             ; 0 (0)                     ; 0           ; 0            ; 0       ; 0         ; 0    ; 0            ; |airfryer_controller|IntTo7SegDecoder:IntTo7SegDecoder|lpm_divide:Mod1|lpm_divide_ccm:auto_generated                                                   ; lpm_divide_ccm      ; work         ;
;             |sign_div_unsign_1nh:divider| ; 101 (0)             ; 0 (0)                     ; 0           ; 0            ; 0       ; 0         ; 0    ; 0            ; |airfryer_controller|IntTo7SegDecoder:IntTo7SegDecoder|lpm_divide:Mod1|lpm_divide_ccm:auto_generated|sign_div_unsign_1nh:divider                       ; sign_div_unsign_1nh ; work         ;
;                |alt_u_div_m9f:divider|    ; 101 (101)           ; 0 (0)                     ; 0           ; 0            ; 0       ; 0         ; 0    ; 0            ; |airfryer_controller|IntTo7SegDecoder:IntTo7SegDecoder|lpm_divide:Mod1|lpm_divide_ccm:auto_generated|sign_div_unsign_1nh:divider|alt_u_div_m9f:divider ; alt_u_div_m9f       ; work         ;
;       |lpm_divide:Mod2|                   ; 38 (0)              ; 0 (0)                     ; 0           ; 0            ; 0       ; 0         ; 0    ; 0            ; |airfryer_controller|IntTo7SegDecoder:IntTo7SegDecoder|lpm_divide:Mod2                                                                                 ; lpm_divide          ; work         ;
;          |lpm_divide_ccm:auto_generated|  ; 38 (0)              ; 0 (0)                     ; 0           ; 0            ; 0       ; 0         ; 0    ; 0            ; |airfryer_controller|IntTo7SegDecoder:IntTo7SegDecoder|lpm_divide:Mod2|lpm_divide_ccm:auto_generated                                                   ; lpm_divide_ccm      ; work         ;
;             |sign_div_unsign_1nh:divider| ; 38 (0)              ; 0 (0)                     ; 0           ; 0            ; 0       ; 0         ; 0    ; 0            ; |airfryer_controller|IntTo7SegDecoder:IntTo7SegDecoder|lpm_divide:Mod2|lpm_divide_ccm:auto_generated|sign_div_unsign_1nh:divider                       ; sign_div_unsign_1nh ; work         ;
;                |alt_u_div_m9f:divider|    ; 38 (38)             ; 0 (0)                     ; 0           ; 0            ; 0       ; 0         ; 0    ; 0            ; |airfryer_controller|IntTo7SegDecoder:IntTo7SegDecoder|lpm_divide:Mod2|lpm_divide_ccm:auto_generated|sign_div_unsign_1nh:divider|alt_u_div_m9f:divider ; alt_u_div_m9f       ; work         ;
;    |User_prog:USER_Prog|                  ; 76 (76)             ; 63 (63)                   ; 0           ; 0            ; 0       ; 0         ; 0    ; 0            ; |airfryer_controller|User_prog:USER_Prog                                                                                                               ; User_prog           ; work         ;
;    |state_machine:state_machine|          ; 39 (39)             ; 5 (5)                     ; 0           ; 0            ; 0       ; 0         ; 0    ; 0            ; |airfryer_controller|state_machine:state_machine                                                                                                       ; state_machine       ; work         ;
;    |temp_control:temperature_control|     ; 320 (320)           ; 102 (102)                 ; 0           ; 0            ; 0       ; 0         ; 0    ; 0            ; |airfryer_controller|temp_control:temperature_control                                                                                                  ; temp_control        ; work         ;
;    |time_control:time_control|            ; 99 (99)             ; 62 (62)                   ; 0           ; 0            ; 0       ; 0         ; 0    ; 0            ; |airfryer_controller|time_control:time_control                                                                                                         ; time_control        ; work         ;
+-------------------------------------------+---------------------+---------------------------+-------------+--------------+---------+-----------+------+--------------+--------------------------------------------------------------------------------------------------------------------------------------------------------+---------------------+--------------+
Note: For table entries with two numbers listed, the numbers in parentheses indicate the number of resources of the given type used by the specific entity alone. The numbers listed outside of parentheses indicate the total resources of the given type used by the specific entity and all of its sub-entities in the hierarchy.


Encoding Type:  One-Hot
+-------------------------------------------------------------------------------------------------+
; State Machine - |airfryer_controller|state_machine:state_machine|s_state                        ;
+-----------------+--------------+----------------+--------------+-----------------+--------------+
; Name            ; s_state.COOL ; s_state.FINISH ; s_state.COOK ; s_state.PREHEAT ; s_state.IDLE ;
+-----------------+--------------+----------------+--------------+-----------------+--------------+
; s_state.IDLE    ; 0            ; 0              ; 0            ; 0               ; 0            ;
; s_state.PREHEAT ; 0            ; 0              ; 0            ; 1               ; 1            ;
; s_state.COOK    ; 0            ; 0              ; 1            ; 0               ; 1            ;
; s_state.FINISH  ; 0            ; 1              ; 0            ; 0               ; 1            ;
; s_state.COOL    ; 1            ; 0              ; 0            ; 0               ; 1            ;
+-----------------+--------------+----------------+--------------+-----------------+--------------+


+---------------------------------------------------------------------------------------------------------------------+
; User-Specified and Inferred Latches                                                                                 ;
+----------------------------------------------------+---------------------------------------+------------------------+
; Latch Name                                         ; Latch Enable Signal                   ; Free of Timing Hazards ;
+----------------------------------------------------+---------------------------------------+------------------------+
; state_machine:state_machine|preheatFinished        ; state_machine:state_machine|Selector2 ; yes                    ;
; state_machine:state_machine|cookFinished           ; state_machine:state_machine|Selector0 ; yes                    ;
; Number of user-specified and inferred latches = 2  ;                                       ;                        ;
+----------------------------------------------------+---------------------------------------+------------------------+
Note: All latches listed above may not be present at the end of synthesis due to various synthesis optimizations.


+--------------------------------------------------------------------------------------------------------------+
; Registers Removed During Synthesis                                                                           ;
+--------------------------------------------------+-----------------------------------------------------------+
; Register name                                    ; Reason for Removal                                        ;
+--------------------------------------------------+-----------------------------------------------------------+
; AirFryerPrograms:AirFryerPrograms|temp_out[9]    ; Merged with AirFryerPrograms:AirFryerPrograms|temp_out[8] ;
; temp_control:temperature_control|s_counter[31]   ; Merged with User_prog:USER_Prog|s_counter[31]             ;
; temp_control:temperature_control|s_counter[30]   ; Merged with User_prog:USER_Prog|s_counter[30]             ;
; temp_control:temperature_control|s_counter[29]   ; Merged with User_prog:USER_Prog|s_counter[29]             ;
; temp_control:temperature_control|s_counter[28]   ; Merged with User_prog:USER_Prog|s_counter[28]             ;
; temp_control:temperature_control|s_counter[27]   ; Merged with User_prog:USER_Prog|s_counter[27]             ;
; temp_control:temperature_control|s_counter[26]   ; Merged with User_prog:USER_Prog|s_counter[26]             ;
; temp_control:temperature_control|s_counter[25]   ; Merged with User_prog:USER_Prog|s_counter[25]             ;
; temp_control:temperature_control|s_counter[24]   ; Merged with User_prog:USER_Prog|s_counter[24]             ;
; temp_control:temperature_control|s_counter[23]   ; Merged with User_prog:USER_Prog|s_counter[23]             ;
; temp_control:temperature_control|s_counter[22]   ; Merged with User_prog:USER_Prog|s_counter[22]             ;
; temp_control:temperature_control|s_counter[21]   ; Merged with User_prog:USER_Prog|s_counter[21]             ;
; temp_control:temperature_control|s_counter[20]   ; Merged with User_prog:USER_Prog|s_counter[20]             ;
; temp_control:temperature_control|s_counter[19]   ; Merged with User_prog:USER_Prog|s_counter[19]             ;
; temp_control:temperature_control|s_counter[18]   ; Merged with User_prog:USER_Prog|s_counter[18]             ;
; temp_control:temperature_control|s_counter[17]   ; Merged with User_prog:USER_Prog|s_counter[17]             ;
; temp_control:temperature_control|s_counter[16]   ; Merged with User_prog:USER_Prog|s_counter[16]             ;
; temp_control:temperature_control|s_counter[15]   ; Merged with User_prog:USER_Prog|s_counter[15]             ;
; temp_control:temperature_control|s_counter[14]   ; Merged with User_prog:USER_Prog|s_counter[14]             ;
; temp_control:temperature_control|s_counter[13]   ; Merged with User_prog:USER_Prog|s_counter[13]             ;
; temp_control:temperature_control|s_counter[12]   ; Merged with User_prog:USER_Prog|s_counter[12]             ;
; temp_control:temperature_control|s_counter[11]   ; Merged with User_prog:USER_Prog|s_counter[11]             ;
; temp_control:temperature_control|s_counter[10]   ; Merged with User_prog:USER_Prog|s_counter[10]             ;
; temp_control:temperature_control|s_counter[9]    ; Merged with User_prog:USER_Prog|s_counter[9]              ;
; temp_control:temperature_control|s_counter[8]    ; Merged with User_prog:USER_Prog|s_counter[8]              ;
; temp_control:temperature_control|s_counter[7]    ; Merged with User_prog:USER_Prog|s_counter[7]              ;
; temp_control:temperature_control|s_counter[6]    ; Merged with User_prog:USER_Prog|s_counter[6]              ;
; temp_control:temperature_control|s_counter[5]    ; Merged with User_prog:USER_Prog|s_counter[5]              ;
; temp_control:temperature_control|s_counter[4]    ; Merged with User_prog:USER_Prog|s_counter[4]              ;
; temp_control:temperature_control|s_counter[3]    ; Merged with User_prog:USER_Prog|s_counter[3]              ;
; temp_control:temperature_control|s_counter[2]    ; Merged with User_prog:USER_Prog|s_counter[2]              ;
; temp_control:temperature_control|s_counter[1]    ; Merged with User_prog:USER_Prog|s_counter[1]              ;
; temp_control:temperature_control|s_counter[0]    ; Merged with User_prog:USER_Prog|s_counter[0]              ;
; AirFryerPrograms:AirFryerPrograms|temp_out[8]    ; Stuck at GND due to stuck port data_in                    ;
; temp_control:temperature_control|s_TargetTemp[0] ; Stuck at GND due to stuck port data_in                    ;
; temp_control:temperature_control|s_temp[0]       ; Stuck at GND due to stuck port data_in                    ;
; temp_control:temperature_control|current_temp[0] ; Stuck at GND due to stuck port data_in                    ;
; time_control:time_control|s_HalfTime[5]          ; Stuck at GND due to stuck port data_in                    ;
; User_prog:USER_Prog|s_counter[0]                 ; Merged with time_control:time_control|s_counter[0]        ;
; User_prog:USER_Prog|s_counter[1]                 ; Merged with time_control:time_control|s_counter[1]        ;
; User_prog:USER_Prog|s_counter[2]                 ; Merged with time_control:time_control|s_counter[2]        ;
; User_prog:USER_Prog|s_counter[3]                 ; Merged with time_control:time_control|s_counter[3]        ;
; User_prog:USER_Prog|s_counter[4]                 ; Merged with time_control:time_control|s_counter[4]        ;
; User_prog:USER_Prog|s_counter[5]                 ; Merged with time_control:time_control|s_counter[5]        ;
; Total Number of Removed Registers = 44           ;                                                           ;
+--------------------------------------------------+-----------------------------------------------------------+


+---------------------------------------------------------------------------------------------------------------------------------+
; Removed Registers Triggering Further Register Optimizations                                                                     ;
+--------------------------------------------------+---------------------------+--------------------------------------------------+
; Register name                                    ; Reason for Removal        ; Registers Removed due to This Register           ;
+--------------------------------------------------+---------------------------+--------------------------------------------------+
; temp_control:temperature_control|s_TargetTemp[0] ; Stuck at GND              ; temp_control:temperature_control|current_temp[0] ;
;                                                  ; due to stuck port data_in ;                                                  ;
+--------------------------------------------------+---------------------------+--------------------------------------------------+


+------------------------------------------------------+
; General Register Statistics                          ;
+----------------------------------------------+-------+
; Statistic                                    ; Value ;
+----------------------------------------------+-------+
; Total registers                              ; 347   ;
; Number of registers using Synchronous Clear  ; 102   ;
; Number of registers using Synchronous Load   ; 7     ;
; Number of registers using Asynchronous Clear ; 32    ;
; Number of registers using Asynchronous Load  ; 0     ;
; Number of registers using Clock Enable       ; 241   ;
; Number of registers using Preset             ; 0     ;
+----------------------------------------------+-------+


+------------------------------------------------------------+
; Inverted Register Statistics                               ;
+--------------------------------------------------+---------+
; Inverted Register                                ; Fan out ;
+--------------------------------------------------+---------+
; temp_control:temperature_control|current_temp[4] ; 2       ;
; temp_control:temperature_control|current_temp[2] ; 3       ;
; AirFryerPrograms:AirFryerPrograms|temp_out[0]    ; 7       ;
; temp_control:temperature_control|s_TargetTemp[4] ; 2       ;
; temp_control:temperature_control|s_temp[4]       ; 7       ;
; temp_control:temperature_control|s_TargetTemp[2] ; 2       ;
; temp_control:temperature_control|s_temp[2]       ; 7       ;
; temp_control:temperature_control|s_user[4]       ; 4       ;
; temp_control:temperature_control|s_user[2]       ; 4       ;
; Total number of inverted registers = 9           ;         ;
+--------------------------------------------------+---------+


+-------------------------------------------------------------------------------------------------------------------------------------------------------------------------------------+
; Multiplexer Restructuring Statistics (Restructuring Performed)                                                                                                                      ;
+--------------------+-----------+---------------+----------------------+------------------------+------------+-----------------------------------------------------------------------+
; Multiplexer Inputs ; Bus Width ; Baseline Area ; Area if Restructured ; Saving if Restructured ; Registered ; Example Multiplexer Output                                            ;
+--------------------+-----------+---------------+----------------------+------------------------+------------+-----------------------------------------------------------------------+
; 3:1                ; 5 bits    ; 10 LEs        ; 5 LEs                ; 5 LEs                  ; Yes        ; |airfryer_controller|temp_control:temperature_control|current_temp[5] ;
; 3:1                ; 29 bits   ; 58 LEs        ; 29 LEs               ; 29 LEs                 ; Yes        ; |airfryer_controller|temp_control:temperature_control|s_user[30]      ;
; 3:1                ; 23 bits   ; 46 LEs        ; 23 LEs               ; 23 LEs                 ; Yes        ; |airfryer_controller|Debouncer:Debouncer1|s_debounceCnt[17]           ;
; 3:1                ; 23 bits   ; 46 LEs        ; 23 LEs               ; 23 LEs                 ; Yes        ; |airfryer_controller|Debouncer:Debouncer0|s_debounceCnt[18]           ;
; 3:1                ; 23 bits   ; 46 LEs        ; 23 LEs               ; 23 LEs                 ; Yes        ; |airfryer_controller|Debouncer:Debouncer3|s_debounceCnt[8]            ;
; 3:1                ; 23 bits   ; 46 LEs        ; 23 LEs               ; 23 LEs                 ; Yes        ; |airfryer_controller|Debouncer:Debouncer2|s_debounceCnt[4]            ;
; 8:1                ; 6 bits    ; 30 LEs        ; 6 LEs                ; 24 LEs                 ; Yes        ; |airfryer_controller|time_control:time_control|FULLTIME[1]            ;
; 4:1                ; 4 bits    ; 8 LEs         ; 4 LEs                ; 4 LEs                  ; Yes        ; |airfryer_controller|User_prog:USER_Prog|cook_out[5]                  ;
; 4:1                ; 6 bits    ; 12 LEs        ; 12 LEs               ; 0 LEs                  ; Yes        ; |airfryer_controller|time_control:time_control|TIMER[0]               ;
; 9:1                ; 7 bits    ; 42 LEs        ; 28 LEs               ; 14 LEs                 ; Yes        ; |airfryer_controller|AirFryerPrograms:AirFryerPrograms|temp_out[2]    ;
; 10:1               ; 8 bits    ; 48 LEs        ; 40 LEs               ; 8 LEs                  ; Yes        ; |airfryer_controller|User_prog:USER_Prog|cook_out[0]                  ;
; 10:1               ; 29 bits   ; 174 LEs       ; 116 LEs              ; 58 LEs                 ; Yes        ; |airfryer_controller|temp_control:temperature_control|s_TargetTemp[7] ;
; 10:1               ; 6 bits    ; 36 LEs        ; 12 LEs               ; 24 LEs                 ; Yes        ; |airfryer_controller|time_control:time_control|current_time[3]        ;
; 15:1               ; 3 bits    ; 30 LEs        ; 18 LEs               ; 12 LEs                 ; Yes        ; |airfryer_controller|AirFryerPrograms:AirFryerPrograms|prog[1]        ;
; 11:1               ; 28 bits   ; 196 LEs       ; 56 LEs               ; 140 LEs                ; Yes        ; |airfryer_controller|temp_control:temperature_control|s_temp[20]      ;
; 3:1                ; 2 bits    ; 4 LEs         ; 2 LEs                ; 2 LEs                  ; Yes        ; |airfryer_controller|temp_control:temperature_control|current_temp[2] ;
; 3:1                ; 2 bits    ; 4 LEs         ; 2 LEs                ; 2 LEs                  ; Yes        ; |airfryer_controller|temp_control:temperature_control|s_user[4]       ;
; 10:1               ; 2 bits    ; 12 LEs        ; 6 LEs                ; 6 LEs                  ; Yes        ; |airfryer_controller|temp_control:temperature_control|s_TargetTemp[2] ;
; 11:1               ; 2 bits    ; 14 LEs        ; 4 LEs                ; 10 LEs                 ; Yes        ; |airfryer_controller|temp_control:temperature_control|s_temp[2]       ;
; 4:1                ; 2 bits    ; 4 LEs         ; 4 LEs                ; 0 LEs                  ; No         ; |airfryer_controller|state_machine:state_machine|STATE[0]             ;
; 10:1               ; 3 bits    ; 18 LEs        ; 12 LEs               ; 6 LEs                  ; No         ; |airfryer_controller|state_machine:state_machine|Selector7            ;
; 10:1               ; 2 bits    ; 12 LEs        ; 4 LEs                ; 8 LEs                  ; No         ; |airfryer_controller|state_machine:state_machine|Selector6            ;
+--------------------+-----------+---------------+----------------------+------------------------+------------+-----------------------------------------------------------------------+


+-------------------------------------------------------------------+
; Parameter Settings for User Entity Instance: Debouncer:Debouncer0 ;
+----------------+-------+------------------------------------------+
; Parameter Name ; Value ; Type                                     ;
+----------------+-------+------------------------------------------+
; khzclkfreq     ; 50000 ; Signed Integer                           ;
; msecmininwidth ; 100   ; Signed Integer                           ;
; inpolarity     ; '0'   ; Enumerated                               ;
; outpolarity    ; '1'   ; Enumerated                               ;
+----------------+-------+------------------------------------------+
Note: In order to hide this table in the UI and the text report file, please set the "Show Parameter Settings in Synthesis Report" option in "Analysis and Synthesis Settings -> More Settings" to "Off".


+-------------------------------------------------------------------+
; Parameter Settings for User Entity Instance: Debouncer:Debouncer1 ;
+----------------+-------+------------------------------------------+
; Parameter Name ; Value ; Type                                     ;
+----------------+-------+------------------------------------------+
; khzclkfreq     ; 50000 ; Signed Integer                           ;
; msecmininwidth ; 100   ; Signed Integer                           ;
; inpolarity     ; '0'   ; Enumerated                               ;
; outpolarity    ; '1'   ; Enumerated                               ;
+----------------+-------+------------------------------------------+
Note: In order to hide this table in the UI and the text report file, please set the "Show Parameter Settings in Synthesis Report" option in "Analysis and Synthesis Settings -> More Settings" to "Off".


+-------------------------------------------------------------------+
; Parameter Settings for User Entity Instance: Debouncer:Debouncer2 ;
+----------------+-------+------------------------------------------+
; Parameter Name ; Value ; Type                                     ;
+----------------+-------+------------------------------------------+
; khzclkfreq     ; 50000 ; Signed Integer                           ;
; msecmininwidth ; 100   ; Signed Integer                           ;
; inpolarity     ; '0'   ; Enumerated                               ;
; outpolarity    ; '1'   ; Enumerated                               ;
+----------------+-------+------------------------------------------+
Note: In order to hide this table in the UI and the text report file, please set the "Show Parameter Settings in Synthesis Report" option in "Analysis and Synthesis Settings -> More Settings" to "Off".


+-------------------------------------------------------------------+
; Parameter Settings for User Entity Instance: Debouncer:Debouncer3 ;
+----------------+-------+------------------------------------------+
; Parameter Name ; Value ; Type                                     ;
+----------------+-------+------------------------------------------+
; khzclkfreq     ; 50000 ; Signed Integer                           ;
; msecmininwidth ; 100   ; Signed Integer                           ;
; inpolarity     ; '0'   ; Enumerated                               ;
; outpolarity    ; '1'   ; Enumerated                               ;
+----------------+-------+------------------------------------------+
Note: In order to hide this table in the UI and the text report file, please set the "Show Parameter Settings in Synthesis Report" option in "Analysis and Synthesis Settings -> More Settings" to "Off".


+----------------------------------------------------------------------------------------------------+
; Parameter Settings for Inferred Entity Instance: IntTo7SegDecoder:IntTo7SegDecoder|lpm_divide:Mod1 ;
+------------------------+----------------+----------------------------------------------------------+
; Parameter Name         ; Value          ; Type                                                     ;
+------------------------+----------------+----------------------------------------------------------+
; LPM_WIDTHN             ; 10             ; Untyped                                                  ;
; LPM_WIDTHD             ; 10             ; Untyped                                                  ;
; LPM_NREPRESENTATION    ; UNSIGNED       ; Untyped                                                  ;
; LPM_DREPRESENTATION    ; UNSIGNED       ; Untyped                                                  ;
; LPM_PIPELINE           ; 0              ; Untyped                                                  ;
; LPM_REMAINDERPOSITIVE  ; TRUE           ; Untyped                                                  ;
; MAXIMIZE_SPEED         ; 5              ; Untyped                                                  ;
; CBXI_PARAMETER         ; lpm_divide_ccm ; Untyped                                                  ;
; CARRY_CHAIN            ; MANUAL         ; Untyped                                                  ;
; OPTIMIZE_FOR_SPEED     ; 5              ; Untyped                                                  ;
; AUTO_CARRY_CHAINS      ; ON             ; AUTO_CARRY                                               ;
; IGNORE_CARRY_BUFFERS   ; OFF            ; IGNORE_CARRY                                             ;
; AUTO_CASCADE_CHAINS    ; ON             ; AUTO_CASCADE                                             ;
; IGNORE_CASCADE_BUFFERS ; OFF            ; IGNORE_CASCADE                                           ;
+------------------------+----------------+----------------------------------------------------------+
Note: In order to hide this table in the UI and the text report file, please set the "Show Parameter Settings in Synthesis Report" option in "Analysis and Synthesis Settings -> More Settings" to "Off".


+----------------------------------------------------------------------------------------------------+
; Parameter Settings for Inferred Entity Instance: IntTo7SegDecoder:IntTo7SegDecoder|lpm_divide:Div1 ;
+------------------------+----------------+----------------------------------------------------------+
; Parameter Name         ; Value          ; Type                                                     ;
+------------------------+----------------+----------------------------------------------------------+
; LPM_WIDTHN             ; 10             ; Untyped                                                  ;
; LPM_WIDTHD             ; 4              ; Untyped                                                  ;
; LPM_NREPRESENTATION    ; UNSIGNED       ; Untyped                                                  ;
; LPM_DREPRESENTATION    ; UNSIGNED       ; Untyped                                                  ;
; LPM_PIPELINE           ; 0              ; Untyped                                                  ;
; LPM_REMAINDERPOSITIVE  ; TRUE           ; Untyped                                                  ;
; MAXIMIZE_SPEED         ; 5              ; Untyped                                                  ;
; CBXI_PARAMETER         ; lpm_divide_sim ; Untyped                                                  ;
; CARRY_CHAIN            ; MANUAL         ; Untyped                                                  ;
; OPTIMIZE_FOR_SPEED     ; 5              ; Untyped                                                  ;
; AUTO_CARRY_CHAINS      ; ON             ; AUTO_CARRY                                               ;
; IGNORE_CARRY_BUFFERS   ; OFF            ; IGNORE_CARRY                                             ;
; AUTO_CASCADE_CHAINS    ; ON             ; AUTO_CASCADE                                             ;
; IGNORE_CASCADE_BUFFERS ; OFF            ; IGNORE_CASCADE                                           ;
+------------------------+----------------+----------------------------------------------------------+
Note: In order to hide this table in the UI and the text report file, please set the "Show Parameter Settings in Synthesis Report" option in "Analysis and Synthesis Settings -> More Settings" to "Off".


+----------------------------------------------------------------------------------------------------+
; Parameter Settings for Inferred Entity Instance: IntTo7SegDecoder:IntTo7SegDecoder|lpm_divide:Mod2 ;
+------------------------+----------------+----------------------------------------------------------+
; Parameter Name         ; Value          ; Type                                                     ;
+------------------------+----------------+----------------------------------------------------------+
; LPM_WIDTHN             ; 10             ; Untyped                                                  ;
; LPM_WIDTHD             ; 10             ; Untyped                                                  ;
; LPM_NREPRESENTATION    ; UNSIGNED       ; Untyped                                                  ;
; LPM_DREPRESENTATION    ; UNSIGNED       ; Untyped                                                  ;
; LPM_PIPELINE           ; 0              ; Untyped                                                  ;
; LPM_REMAINDERPOSITIVE  ; TRUE           ; Untyped                                                  ;
; MAXIMIZE_SPEED         ; 5              ; Untyped                                                  ;
; CBXI_PARAMETER         ; lpm_divide_ccm ; Untyped                                                  ;
; CARRY_CHAIN            ; MANUAL         ; Untyped                                                  ;
; OPTIMIZE_FOR_SPEED     ; 5              ; Untyped                                                  ;
; AUTO_CARRY_CHAINS      ; ON             ; AUTO_CARRY                                               ;
; IGNORE_CARRY_BUFFERS   ; OFF            ; IGNORE_CARRY                                             ;
; AUTO_CASCADE_CHAINS    ; ON             ; AUTO_CASCADE                                             ;
; IGNORE_CASCADE_BUFFERS ; OFF            ; IGNORE_CASCADE                                           ;
+------------------------+----------------+----------------------------------------------------------+
Note: In order to hide this table in the UI and the text report file, please set the "Show Parameter Settings in Synthesis Report" option in "Analysis and Synthesis Settings -> More Settings" to "Off".


+----------------------------------------------------------------------------------------------------+
; Parameter Settings for Inferred Entity Instance: IntTo7SegDecoder:IntTo7SegDecoder|lpm_divide:Div2 ;
+------------------------+----------------+----------------------------------------------------------+
; Parameter Name         ; Value          ; Type                                                     ;
+------------------------+----------------+----------------------------------------------------------+
; LPM_WIDTHN             ; 10             ; Untyped                                                  ;
; LPM_WIDTHD             ; 7              ; Untyped                                                  ;
; LPM_NREPRESENTATION    ; UNSIGNED       ; Untyped                                                  ;
; LPM_DREPRESENTATION    ; UNSIGNED       ; Untyped                                                  ;
; LPM_PIPELINE           ; 0              ; Untyped                                                  ;
; LPM_REMAINDERPOSITIVE  ; TRUE           ; Untyped                                                  ;
; MAXIMIZE_SPEED         ; 5              ; Untyped                                                  ;
; CBXI_PARAMETER         ; lpm_divide_vim ; Untyped                                                  ;
; CARRY_CHAIN            ; MANUAL         ; Untyped                                                  ;
; OPTIMIZE_FOR_SPEED     ; 5              ; Untyped                                                  ;
; AUTO_CARRY_CHAINS      ; ON             ; AUTO_CARRY                                               ;
; IGNORE_CARRY_BUFFERS   ; OFF            ; IGNORE_CARRY                                             ;
; AUTO_CASCADE_CHAINS    ; ON             ; AUTO_CASCADE                                             ;
; IGNORE_CASCADE_BUFFERS ; OFF            ; IGNORE_CASCADE                                           ;
+------------------------+----------------+----------------------------------------------------------+
Note: In order to hide this table in the UI and the text report file, please set the "Show Parameter Settings in Synthesis Report" option in "Analysis and Synthesis Settings -> More Settings" to "Off".


+----------------------------------------------------------------------------------------------------+
; Parameter Settings for Inferred Entity Instance: IntTo7SegDecoder:IntTo7SegDecoder|lpm_divide:Mod0 ;
+------------------------+----------------+----------------------------------------------------------+
; Parameter Name         ; Value          ; Type                                                     ;
+------------------------+----------------+----------------------------------------------------------+
; LPM_WIDTHN             ; 6              ; Untyped                                                  ;
; LPM_WIDTHD             ; 6              ; Untyped                                                  ;
; LPM_NREPRESENTATION    ; UNSIGNED       ; Untyped                                                  ;
; LPM_DREPRESENTATION    ; UNSIGNED       ; Untyped                                                  ;
; LPM_PIPELINE           ; 0              ; Untyped                                                  ;
; LPM_REMAINDERPOSITIVE  ; TRUE           ; Untyped                                                  ;
; MAXIMIZE_SPEED         ; 5              ; Untyped                                                  ;
; CBXI_PARAMETER         ; lpm_divide_m9m ; Untyped                                                  ;
; CARRY_CHAIN            ; MANUAL         ; Untyped                                                  ;
; OPTIMIZE_FOR_SPEED     ; 5              ; Untyped                                                  ;
; AUTO_CARRY_CHAINS      ; ON             ; AUTO_CARRY                                               ;
; IGNORE_CARRY_BUFFERS   ; OFF            ; IGNORE_CARRY                                             ;
; AUTO_CASCADE_CHAINS    ; ON             ; AUTO_CASCADE                                             ;
; IGNORE_CASCADE_BUFFERS ; OFF            ; IGNORE_CASCADE                                           ;
+------------------------+----------------+----------------------------------------------------------+
Note: In order to hide this table in the UI and the text report file, please set the "Show Parameter Settings in Synthesis Report" option in "Analysis and Synthesis Settings -> More Settings" to "Off".


+----------------------------------------------------------------------------------------------------+
; Parameter Settings for Inferred Entity Instance: IntTo7SegDecoder:IntTo7SegDecoder|lpm_divide:Div0 ;
+------------------------+----------------+----------------------------------------------------------+
; Parameter Name         ; Value          ; Type                                                     ;
+------------------------+----------------+----------------------------------------------------------+
; LPM_WIDTHN             ; 6              ; Untyped                                                  ;
; LPM_WIDTHD             ; 4              ; Untyped                                                  ;
; LPM_NREPRESENTATION    ; UNSIGNED       ; Untyped                                                  ;
; LPM_DREPRESENTATION    ; UNSIGNED       ; Untyped                                                  ;
; LPM_PIPELINE           ; 0              ; Untyped                                                  ;
; LPM_REMAINDERPOSITIVE  ; TRUE           ; Untyped                                                  ;
; MAXIMIZE_SPEED         ; 5              ; Untyped                                                  ;
; CBXI_PARAMETER         ; lpm_divide_hhm ; Untyped                                                  ;
; CARRY_CHAIN            ; MANUAL         ; Untyped                                                  ;
; OPTIMIZE_FOR_SPEED     ; 5              ; Untyped                                                  ;
; AUTO_CARRY_CHAINS      ; ON             ; AUTO_CARRY                                               ;
; IGNORE_CARRY_BUFFERS   ; OFF            ; IGNORE_CARRY                                             ;
; AUTO_CASCADE_CHAINS    ; ON             ; AUTO_CASCADE                                             ;
; IGNORE_CASCADE_BUFFERS ; OFF            ; IGNORE_CASCADE                                           ;
+------------------------+----------------+----------------------------------------------------------+
Note: In order to hide this table in the UI and the text report file, please set the "Show Parameter Settings in Synthesis Report" option in "Analysis and Synthesis Settings -> More Settings" to "Off".


+------------------------------------------------------------+
; Port Connectivity Checks: "state_machine:state_machine"    ;
+--------------------------+-------+----------+--------------+
; Port                     ; Type  ; Severity ; Details      ;
+--------------------------+-------+----------+--------------+
; preheat_in[31..6]        ; Input ; Info     ; Stuck at GND ;
; cook_in[31..6]           ; Input ; Info     ; Stuck at GND ;
; current_temp_cook[31..8] ; Input ; Info     ; Stuck at GND ;
+--------------------------+-------+----------+--------------+


+-------------------------------------------------------------------------------------------------------------------+
; Port Connectivity Checks: "temp_control:temperature_control"                                                      ;
+---------+--------+----------+-------------------------------------------------------------------------------------+
; Port    ; Type   ; Severity ; Details                                                                             ;
+---------+--------+----------+-------------------------------------------------------------------------------------+
; food_in ; Output ; Info     ; Connected to dangling logic. Logic that only feeds a dangling port will be removed. ;
+---------+--------+----------+-------------------------------------------------------------------------------------+


+---------------------------------------------------------------+
; Port Connectivity Checks: "AirFryerPrograms:AirFryerPrograms" ;
+----------------+-------+----------+---------------------------+
; Port           ; Type  ; Severity ; Details                   ;
+----------------+-------+----------+---------------------------+
; temp_in[31..8] ; Input ; Info     ; Stuck at GND              ;
+----------------+-------+----------+---------------------------+


+-----------------------------------------------------+
; Post-Synthesis Netlist Statistics for Top Partition ;
+-----------------------+-----------------------------+
; Type                  ; Count                       ;
+-----------------------+-----------------------------+
; boundary_port         ; 60                          ;
; cycloneiii_ff         ; 347                         ;
;     CLR               ; 2                           ;
;     ENA               ; 119                         ;
;     ENA CLR           ; 30                          ;
;     ENA SCLR          ; 92                          ;
;     SCLR              ; 4                           ;
;     SCLR SLD          ; 6                           ;
;     SLD               ; 1                           ;
;     plain             ; 93                          ;
; cycloneiii_lcell_comb ; 1035                        ;
;     arith             ; 420                         ;
;         1 data inputs ; 9                           ;
;         2 data inputs ; 272                         ;
;         3 data inputs ; 139                         ;
;     normal            ; 615                         ;
;         0 data inputs ; 21                          ;
;         1 data inputs ; 28                          ;
;         2 data inputs ; 175                         ;
;         3 data inputs ; 130                         ;
;         4 data inputs ; 261                         ;
;                       ;                             ;
; Max LUT depth         ; 15.50                       ;
; Average LUT depth     ; 6.26                        ;
+-----------------------+-----------------------------+


+-------------------------------+
; Elapsed Time Per Partition    ;
+----------------+--------------+
; Partition Name ; Elapsed Time ;
+----------------+--------------+
; Top            ; 00:00:02     ;
+----------------+--------------+


+-------------------------------+
; Analysis & Synthesis Messages ;
+-------------------------------+
Info: *******************************************************************
Info: Running Quartus Prime Analysis & Synthesis
    Info: Version 22.1std.2 Build 922 07/20/2023 SC Lite Edition
    Info: Processing started: Sun Jun  2 02:34:17 2024
Info: Command: quartus_map --read_settings_files=on --write_settings_files=off airfryer -c airfryer
Warning (18236): Number of processors has not been specified which may cause overloading on shared machines.  Set the global assignment NUM_PARALLEL_PROCESSORS in your QSF to an appropriate value for best performance.
Info (20030): Parallel compilation is enabled and will use 16 of the 16 processors detected
Info (12021): Found 2 design units, including 1 entities, in source file temp_control.vhd
    Info (12022): Found design unit 1: temp_control-behavioral File: C:/Users/andre/Documents/semestre2/LSD/PRATICA/Proj_final4/Proj_final/temp_control.vhd Line: 22
    Info (12023): Found entity 1: temp_control File: C:/Users/andre/Documents/semestre2/LSD/PRATICA/Proj_final4/Proj_final/temp_control.vhd Line: 5
Info (12021): Found 2 design units, including 1 entities, in source file time_control.vhd
    Info (12022): Found design unit 1: time_control-behavioral File: C:/Users/andre/Documents/semestre2/LSD/PRATICA/Proj_final4/Proj_final/time_control.vhd Line: 21
    Info (12023): Found entity 1: time_control File: C:/Users/andre/Documents/semestre2/LSD/PRATICA/Proj_final4/Proj_final/time_control.vhd Line: 5
Info (12021): Found 2 design units, including 1 entities, in source file state_machine.vhd
    Info (12022): Found design unit 1: state_machine-Behavioral File: C:/Users/andre/Documents/semestre2/LSD/PRATICA/Proj_final4/Proj_final/state_machine.vhd Line: 20
    Info (12023): Found entity 1: state_machine File: C:/Users/andre/Documents/semestre2/LSD/PRATICA/Proj_final4/Proj_final/state_machine.vhd Line: 5
Info (12021): Found 2 design units, including 1 entities, in source file airfryer_controller.vhd
    Info (12022): Found design unit 1: airfryer_controller-Behavioral File: C:/Users/andre/Documents/semestre2/LSD/PRATICA/Proj_final4/Proj_final/airfryer_controller.vhd Line: 20
    Info (12023): Found entity 1: airfryer_controller File: C:/Users/andre/Documents/semestre2/LSD/PRATICA/Proj_final4/Proj_final/airfryer_controller.vhd Line: 5
Info (12021): Found 2 design units, including 1 entities, in source file airfryerprograms.vhd
    Info (12022): Found design unit 1: AirFryerPrograms-Behavioral File: C:/Users/andre/Documents/semestre2/LSD/PRATICA/Proj_final4/Proj_final/AirFryerPrograms.vhd Line: 16
    Info (12023): Found entity 1: AirFryerPrograms File: C:/Users/andre/Documents/semestre2/LSD/PRATICA/Proj_final4/Proj_final/AirFryerPrograms.vhd Line: 5
Info (12021): Found 2 design units, including 1 entities, in source file debouncer.vhd
    Info (12022): Found design unit 1: Debouncer-Behavioral File: C:/Users/andre/Documents/semestre2/LSD/PRATICA/Proj_final4/Proj_final/Debouncer.vhd Line: 19
    Info (12023): Found entity 1: Debouncer File: C:/Users/andre/Documents/semestre2/LSD/PRATICA/Proj_final4/Proj_final/Debouncer.vhd Line: 5
Info (12021): Found 2 design units, including 1 entities, in source file intto7segdecoder.vhd
    Info (12022): Found design unit 1: IntTo7SegDecoder-Behavioral File: C:/Users/andre/Documents/semestre2/LSD/PRATICA/Proj_final4/Proj_final/IntTo7SegDecoder.vhd Line: 18
    Info (12023): Found entity 1: IntTo7SegDecoder File: C:/Users/andre/Documents/semestre2/LSD/PRATICA/Proj_final4/Proj_final/IntTo7SegDecoder.vhd Line: 5
Info (12021): Found 2 design units, including 1 entities, in source file user_prog.vhd
    Info (12022): Found design unit 1: User_prog-behavioral File: C:/Users/andre/Documents/semestre2/LSD/PRATICA/Proj_final4/Proj_final/User_prog.vhd Line: 18
    Info (12023): Found entity 1: User_prog File: C:/Users/andre/Documents/semestre2/LSD/PRATICA/Proj_final4/Proj_final/User_prog.vhd Line: 5
Info (12127): Elaborating entity "airfryer_controller" for the top level hierarchy
Warning (10036): Verilog HDL or VHDL warning at airfryer_controller.vhd(22): object "Food_in" assigned a value but never read File: C:/Users/andre/Documents/semestre2/LSD/PRATICA/Proj_final4/Proj_final/airfryer_controller.vhd Line: 22
Warning (10873): Using initial value X (don't care) for net "LEDG[3..1]" at airfryer_controller.vhd(10) File: C:/Users/andre/Documents/semestre2/LSD/PRATICA/Proj_final4/Proj_final/airfryer_controller.vhd Line: 10
Warning (10873): Using initial value X (don't care) for net "LEDR[3]" at airfryer_controller.vhd(11) File: C:/Users/andre/Documents/semestre2/LSD/PRATICA/Proj_final4/Proj_final/airfryer_controller.vhd Line: 11
Info (12129): Elaborating entity "AirFryerPrograms" using architecture "A:behavioral" for hierarchy "AirFryerPrograms:AirFryerPrograms" File: C:/Users/andre/Documents/semestre2/LSD/PRATICA/Proj_final4/Proj_final/airfryer_controller.vhd Line: 37
Info (12129): Elaborating entity "temp_control" using architecture "A:behavioral" for hierarchy "temp_control:temperature_control" File: C:/Users/andre/Documents/semestre2/LSD/PRATICA/Proj_final4/Proj_final/airfryer_controller.vhd Line: 48
Info (12129): Elaborating entity "time_control" using architecture "A:behavioral" for hierarchy "time_control:time_control" File: C:/Users/andre/Documents/semestre2/LSD/PRATICA/Proj_final4/Proj_final/airfryer_controller.vhd Line: 64
Info (12129): Elaborating entity "User_prog" using architecture "A:behavioral" for hierarchy "User_prog:USER_Prog" File: C:/Users/andre/Documents/semestre2/LSD/PRATICA/Proj_final4/Proj_final/airfryer_controller.vhd Line: 80
Info (12129): Elaborating entity "state_machine" using architecture "A:behavioral" for hierarchy "state_machine:state_machine" File: C:/Users/andre/Documents/semestre2/LSD/PRATICA/Proj_final4/Proj_final/airfryer_controller.vhd Line: 93
Warning (10492): VHDL Process Statement warning at state_machine.vhd(69): signal "OPEN_OVEN" is read inside the Process Statement but isn't in the Process Statement's sensitivity list File: C:/Users/andre/Documents/semestre2/LSD/PRATICA/Proj_final4/Proj_final/state_machine.vhd Line: 69
Warning (10492): VHDL Process Statement warning at state_machine.vhd(74): signal "OPEN_OVEN" is read inside the Process Statement but isn't in the Process Statement's sensitivity list File: C:/Users/andre/Documents/semestre2/LSD/PRATICA/Proj_final4/Proj_final/state_machine.vhd Line: 74
Warning (10492): VHDL Process Statement warning at state_machine.vhd(74): signal "cookFinished" is read inside the Process Statement but isn't in the Process Statement's sensitivity list File: C:/Users/andre/Documents/semestre2/LSD/PRATICA/Proj_final4/Proj_final/state_machine.vhd Line: 74
Warning (10492): VHDL Process Statement warning at state_machine.vhd(74): signal "preheatFinished" is read inside the Process Statement but isn't in the Process Statement's sensitivity list File: C:/Users/andre/Documents/semestre2/LSD/PRATICA/Proj_final4/Proj_final/state_machine.vhd Line: 74
Warning (10492): VHDL Process Statement warning at state_machine.vhd(76): signal "CURRENT_TEMP_COOK" is read inside the Process Statement but isn't in the Process Statement's sensitivity list File: C:/Users/andre/Documents/semestre2/LSD/PRATICA/Proj_final4/Proj_final/state_machine.vhd Line: 76
Warning (10631): VHDL Process Statement warning at state_machine.vhd(37): inferring latch(es) for signal or variable "cookFinished", which holds its previous value in one or more paths through the process File: C:/Users/andre/Documents/semestre2/LSD/PRATICA/Proj_final4/Proj_final/state_machine.vhd Line: 37
Warning (10631): VHDL Process Statement warning at state_machine.vhd(37): inferring latch(es) for signal or variable "preheatFinished", which holds its previous value in one or more paths through the process File: C:/Users/andre/Documents/semestre2/LSD/PRATICA/Proj_final4/Proj_final/state_machine.vhd Line: 37
Info (10041): Inferred latch for "preheatFinished" at state_machine.vhd(37) File: C:/Users/andre/Documents/semestre2/LSD/PRATICA/Proj_final4/Proj_final/state_machine.vhd Line: 37
Info (10041): Inferred latch for "cookFinished" at state_machine.vhd(37) File: C:/Users/andre/Documents/semestre2/LSD/PRATICA/Proj_final4/Proj_final/state_machine.vhd Line: 37
Info (12129): Elaborating entity "IntTo7SegDecoder" using architecture "A:behavioral" for hierarchy "IntTo7SegDecoder:IntTo7SegDecoder" File: C:/Users/andre/Documents/semestre2/LSD/PRATICA/Proj_final4/Proj_final/airfryer_controller.vhd Line: 108
Info (12128): Elaborating entity "Debouncer" for hierarchy "Debouncer:Debouncer0" File: C:/Users/andre/Documents/semestre2/LSD/PRATICA/Proj_final4/Proj_final/airfryer_controller.vhd Line: 121
Info (278001): Inferred 6 megafunctions from design logic
    Info (278004): Inferred divider/modulo megafunction ("lpm_divide") from the following logic: "IntTo7SegDecoder:IntTo7SegDecoder|Mod1" File: C:/Users/andre/Documents/semestre2/LSD/PRATICA/Proj_final4/Proj_final/IntTo7SegDecoder.vhd Line: 37
    Info (278004): Inferred divider/modulo megafunction ("lpm_divide") from the following logic: "IntTo7SegDecoder:IntTo7SegDecoder|Div1" File: C:/Users/andre/Documents/semestre2/LSD/PRATICA/Proj_final4/Proj_final/IntTo7SegDecoder.vhd Line: 38
    Info (278004): Inferred divider/modulo megafunction ("lpm_divide") from the following logic: "IntTo7SegDecoder:IntTo7SegDecoder|Mod2" File: C:/Users/andre/Documents/semestre2/LSD/PRATICA/Proj_final4/Proj_final/IntTo7SegDecoder.vhd Line: 38
    Info (278004): Inferred divider/modulo megafunction ("lpm_divide") from the following logic: "IntTo7SegDecoder:IntTo7SegDecoder|Div2" File: C:/Users/andre/Documents/semestre2/LSD/PRATICA/Proj_final4/Proj_final/IntTo7SegDecoder.vhd Line: 39
    Info (278004): Inferred divider/modulo megafunction ("lpm_divide") from the following logic: "IntTo7SegDecoder:IntTo7SegDecoder|Mod0" File: C:/Users/andre/Documents/semestre2/LSD/PRATICA/Proj_final4/Proj_final/IntTo7SegDecoder.vhd Line: 35
    Info (278004): Inferred divider/modulo megafunction ("lpm_divide") from the following logic: "IntTo7SegDecoder:IntTo7SegDecoder|Div0" File: C:/Users/andre/Documents/semestre2/LSD/PRATICA/Proj_final4/Proj_final/IntTo7SegDecoder.vhd Line: 36
Info (12130): Elaborated megafunction instantiation "IntTo7SegDecoder:IntTo7SegDecoder|lpm_divide:Mod1" File: C:/Users/andre/Documents/semestre2/LSD/PRATICA/Proj_final4/Proj_final/IntTo7SegDecoder.vhd Line: 37
Info (12133): Instantiated megafunction "IntTo7SegDecoder:IntTo7SegDecoder|lpm_divide:Mod1" with the following parameter: File: C:/Users/andre/Documents/semestre2/LSD/PRATICA/Proj_final4/Proj_final/IntTo7SegDecoder.vhd Line: 37
    Info (12134): Parameter "LPM_WIDTHN" = "10"
    Info (12134): Parameter "LPM_WIDTHD" = "10"
    Info (12134): Parameter "LPM_NREPRESENTATION" = "UNSIGNED"
    Info (12134): Parameter "LPM_DREPRESENTATION" = "UNSIGNED"
Info (12021): Found 1 design units, including 1 entities, in source file db/lpm_divide_ccm.tdf
    Info (12023): Found entity 1: lpm_divide_ccm File: C:/Users/andre/Documents/semestre2/LSD/PRATICA/Proj_final4/Proj_final/db/lpm_divide_ccm.tdf Line: 25
Info (12021): Found 1 design units, including 1 entities, in source file db/sign_div_unsign_1nh.tdf
    Info (12023): Found entity 1: sign_div_unsign_1nh File: C:/Users/andre/Documents/semestre2/LSD/PRATICA/Proj_final4/Proj_final/db/sign_div_unsign_1nh.tdf Line: 25
Info (12021): Found 1 design units, including 1 entities, in source file db/alt_u_div_m9f.tdf
    Info (12023): Found entity 1: alt_u_div_m9f File: C:/Users/andre/Documents/semestre2/LSD/PRATICA/Proj_final4/Proj_final/db/alt_u_div_m9f.tdf Line: 27
Info (12021): Found 1 design units, including 1 entities, in source file db/add_sub_7pc.tdf
    Info (12023): Found entity 1: add_sub_7pc File: C:/Users/andre/Documents/semestre2/LSD/PRATICA/Proj_final4/Proj_final/db/add_sub_7pc.tdf Line: 23
Info (12021): Found 1 design units, including 1 entities, in source file db/add_sub_8pc.tdf
    Info (12023): Found entity 1: add_sub_8pc File: C:/Users/andre/Documents/semestre2/LSD/PRATICA/Proj_final4/Proj_final/db/add_sub_8pc.tdf Line: 23
Info (12130): Elaborated megafunction instantiation "IntTo7SegDecoder:IntTo7SegDecoder|lpm_divide:Div1" File: C:/Users/andre/Documents/semestre2/LSD/PRATICA/Proj_final4/Proj_final/IntTo7SegDecoder.vhd Line: 38
Info (12133): Instantiated megafunction "IntTo7SegDecoder:IntTo7SegDecoder|lpm_divide:Div1" with the following parameter: File: C:/Users/andre/Documents/semestre2/LSD/PRATICA/Proj_final4/Proj_final/IntTo7SegDecoder.vhd Line: 38
    Info (12134): Parameter "LPM_WIDTHN" = "10"
    Info (12134): Parameter "LPM_WIDTHD" = "4"
    Info (12134): Parameter "LPM_NREPRESENTATION" = "UNSIGNED"
    Info (12134): Parameter "LPM_DREPRESENTATION" = "UNSIGNED"
Info (12021): Found 1 design units, including 1 entities, in source file db/lpm_divide_sim.tdf
    Info (12023): Found entity 1: lpm_divide_sim File: C:/Users/andre/Documents/semestre2/LSD/PRATICA/Proj_final4/Proj_final/db/lpm_divide_sim.tdf Line: 25
Info (12021): Found 1 design units, including 1 entities, in source file db/sign_div_unsign_klh.tdf
    Info (12023): Found entity 1: sign_div_unsign_klh File: C:/Users/andre/Documents/semestre2/LSD/PRATICA/Proj_final4/Proj_final/db/sign_div_unsign_klh.tdf Line: 25
Info (12021): Found 1 design units, including 1 entities, in source file db/alt_u_div_s6f.tdf
    Info (12023): Found entity 1: alt_u_div_s6f File: C:/Users/andre/Documents/semestre2/LSD/PRATICA/Proj_final4/Proj_final/db/alt_u_div_s6f.tdf Line: 27
Info (12130): Elaborated megafunction instantiation "IntTo7SegDecoder:IntTo7SegDecoder|lpm_divide:Mod2" File: C:/Users/andre/Documents/semestre2/LSD/PRATICA/Proj_final4/Proj_final/IntTo7SegDecoder.vhd Line: 38
Info (12133): Instantiated megafunction "IntTo7SegDecoder:IntTo7SegDecoder|lpm_divide:Mod2" with the following parameter: File: C:/Users/andre/Documents/semestre2/LSD/PRATICA/Proj_final4/Proj_final/IntTo7SegDecoder.vhd Line: 38
    Info (12134): Parameter "LPM_WIDTHN" = "10"
    Info (12134): Parameter "LPM_WIDTHD" = "10"
    Info (12134): Parameter "LPM_NREPRESENTATION" = "UNSIGNED"
    Info (12134): Parameter "LPM_DREPRESENTATION" = "UNSIGNED"
Info (12130): Elaborated megafunction instantiation "IntTo7SegDecoder:IntTo7SegDecoder|lpm_divide:Div2" File: C:/Users/andre/Documents/semestre2/LSD/PRATICA/Proj_final4/Proj_final/IntTo7SegDecoder.vhd Line: 39
Info (12133): Instantiated megafunction "IntTo7SegDecoder:IntTo7SegDecoder|lpm_divide:Div2" with the following parameter: File: C:/Users/andre/Documents/semestre2/LSD/PRATICA/Proj_final4/Proj_final/IntTo7SegDecoder.vhd Line: 39
    Info (12134): Parameter "LPM_WIDTHN" = "10"
    Info (12134): Parameter "LPM_WIDTHD" = "7"
    Info (12134): Parameter "LPM_NREPRESENTATION" = "UNSIGNED"
    Info (12134): Parameter "LPM_DREPRESENTATION" = "UNSIGNED"
Info (12021): Found 1 design units, including 1 entities, in source file db/lpm_divide_vim.tdf
    Info (12023): Found entity 1: lpm_divide_vim File: C:/Users/andre/Documents/semestre2/LSD/PRATICA/Proj_final4/Proj_final/db/lpm_divide_vim.tdf Line: 25
Info (12021): Found 1 design units, including 1 entities, in source file db/sign_div_unsign_nlh.tdf
    Info (12023): Found entity 1: sign_div_unsign_nlh File: C:/Users/andre/Documents/semestre2/LSD/PRATICA/Proj_final4/Proj_final/db/sign_div_unsign_nlh.tdf Line: 25
Info (12021): Found 1 design units, including 1 entities, in source file db/alt_u_div_27f.tdf
    Info (12023): Found entity 1: alt_u_div_27f File: C:/Users/andre/Documents/semestre2/LSD/PRATICA/Proj_final4/Proj_final/db/alt_u_div_27f.tdf Line: 27
Info (12130): Elaborated megafunction instantiation "IntTo7SegDecoder:IntTo7SegDecoder|lpm_divide:Mod0" File: C:/Users/andre/Documents/semestre2/LSD/PRATICA/Proj_final4/Proj_final/IntTo7SegDecoder.vhd Line: 35
Info (12133): Instantiated megafunction "IntTo7SegDecoder:IntTo7SegDecoder|lpm_divide:Mod0" with the following parameter: File: C:/Users/andre/Documents/semestre2/LSD/PRATICA/Proj_final4/Proj_final/IntTo7SegDecoder.vhd Line: 35
    Info (12134): Parameter "LPM_WIDTHN" = "6"
    Info (12134): Parameter "LPM_WIDTHD" = "6"
    Info (12134): Parameter "LPM_NREPRESENTATION" = "UNSIGNED"
    Info (12134): Parameter "LPM_DREPRESENTATION" = "UNSIGNED"
Info (12021): Found 1 design units, including 1 entities, in source file db/lpm_divide_m9m.tdf
    Info (12023): Found entity 1: lpm_divide_m9m File: C:/Users/andre/Documents/semestre2/LSD/PRATICA/Proj_final4/Proj_final/db/lpm_divide_m9m.tdf Line: 25
Info (12021): Found 1 design units, including 1 entities, in source file db/sign_div_unsign_ckh.tdf
    Info (12023): Found entity 1: sign_div_unsign_ckh File: C:/Users/andre/Documents/semestre2/LSD/PRATICA/Proj_final4/Proj_final/db/sign_div_unsign_ckh.tdf Line: 25
Info (12021): Found 1 design units, including 1 entities, in source file db/alt_u_div_b4f.tdf
    Info (12023): Found entity 1: alt_u_div_b4f File: C:/Users/andre/Documents/semestre2/LSD/PRATICA/Proj_final4/Proj_final/db/alt_u_div_b4f.tdf Line: 27
Info (12130): Elaborated megafunction instantiation "IntTo7SegDecoder:IntTo7SegDecoder|lpm_divide:Div0" File: C:/Users/andre/Documents/semestre2/LSD/PRATICA/Proj_final4/Proj_final/IntTo7SegDecoder.vhd Line: 36
Info (12133): Instantiated megafunction "IntTo7SegDecoder:IntTo7SegDecoder|lpm_divide:Div0" with the following parameter: File: C:/Users/andre/Documents/semestre2/LSD/PRATICA/Proj_final4/Proj_final/IntTo7SegDecoder.vhd Line: 36
    Info (12134): Parameter "LPM_WIDTHN" = "6"
    Info (12134): Parameter "LPM_WIDTHD" = "4"
    Info (12134): Parameter "LPM_NREPRESENTATION" = "UNSIGNED"
    Info (12134): Parameter "LPM_DREPRESENTATION" = "UNSIGNED"
Info (12021): Found 1 design units, including 1 entities, in source file db/lpm_divide_hhm.tdf
    Info (12023): Found entity 1: lpm_divide_hhm File: C:/Users/andre/Documents/semestre2/LSD/PRATICA/Proj_final4/Proj_final/db/lpm_divide_hhm.tdf Line: 25
Info (12021): Found 1 design units, including 1 entities, in source file db/sign_div_unsign_9kh.tdf
    Info (12023): Found entity 1: sign_div_unsign_9kh File: C:/Users/andre/Documents/semestre2/LSD/PRATICA/Proj_final4/Proj_final/db/sign_div_unsign_9kh.tdf Line: 25
Info (12021): Found 1 design units, including 1 entities, in source file db/alt_u_div_64f.tdf
    Info (12023): Found entity 1: alt_u_div_64f File: C:/Users/andre/Documents/semestre2/LSD/PRATICA/Proj_final4/Proj_final/db/alt_u_div_64f.tdf Line: 27
Warning (13012): Latch state_machine:state_machine|preheatFinished has unsafe behavior File: C:/Users/andre/Documents/semestre2/LSD/PRATICA/Proj_final4/Proj_final/state_machine.vhd Line: 24
    Warning (13013): Ports D and ENA on the latch are fed by the same signal state_machine:state_machine|s_state.PREHEAT File: C:/Users/andre/Documents/semestre2/LSD/PRATICA/Proj_final4/Proj_final/state_machine.vhd Line: 22
Warning (13012): Latch state_machine:state_machine|cookFinished has unsafe behavior File: C:/Users/andre/Documents/semestre2/LSD/PRATICA/Proj_final4/Proj_final/state_machine.vhd Line: 23
    Warning (13013): Ports D and ENA on the latch are fed by the same signal state_machine:state_machine|s_state.COOK File: C:/Users/andre/Documents/semestre2/LSD/PRATICA/Proj_final4/Proj_final/state_machine.vhd Line: 22
Warning (13024): Output pins are stuck at VCC or GND
    Warning (13410): Pin "LEDG[1]" is stuck at GND File: C:/Users/andre/Documents/semestre2/LSD/PRATICA/Proj_final4/Proj_final/airfryer_controller.vhd Line: 10
    Warning (13410): Pin "LEDG[2]" is stuck at GND File: C:/Users/andre/Documents/semestre2/LSD/PRATICA/Proj_final4/Proj_final/airfryer_controller.vhd Line: 10
    Warning (13410): Pin "LEDG[3]" is stuck at GND File: C:/Users/andre/Documents/semestre2/LSD/PRATICA/Proj_final4/Proj_final/airfryer_controller.vhd Line: 10
    Warning (13410): Pin "LEDR[3]" is stuck at GND File: C:/Users/andre/Documents/semestre2/LSD/PRATICA/Proj_final4/Proj_final/airfryer_controller.vhd Line: 11
    Warning (13410): Pin "HEX2[1]" is stuck at GND File: C:/Users/andre/Documents/semestre2/LSD/PRATICA/Proj_final4/Proj_final/airfryer_controller.vhd Line: 14
Info (286030): Timing-Driven Synthesis is running
Info (17016): Found the following redundant logic cells in design
    Info (17048): Logic cell "IntTo7SegDecoder:IntTo7SegDecoder|lpm_divide:Mod2|lpm_divide_ccm:auto_generated|sign_div_unsign_1nh:divider|alt_u_div_m9f:divider|add_sub_9_result_int[0]~0" File: C:/Users/andre/Documents/semestre2/LSD/PRATICA/Proj_final4/Proj_final/db/alt_u_div_m9f.tdf Line: 72
    Info (17048): Logic cell "IntTo7SegDecoder:IntTo7SegDecoder|lpm_divide:Mod2|lpm_divide_ccm:auto_generated|sign_div_unsign_1nh:divider|alt_u_div_m9f:divider|add_sub_8_result_int[0]~18" File: C:/Users/andre/Documents/semestre2/LSD/PRATICA/Proj_final4/Proj_final/db/alt_u_div_m9f.tdf Line: 67
    Info (17048): Logic cell "IntTo7SegDecoder:IntTo7SegDecoder|lpm_divide:Div2|lpm_divide_vim:auto_generated|sign_div_unsign_nlh:divider|alt_u_div_27f:divider|add_sub_8_result_int[1]~14" File: C:/Users/andre/Documents/semestre2/LSD/PRATICA/Proj_final4/Proj_final/db/alt_u_div_27f.tdf Line: 67
Info (16010): Generating hard_block partition "hard_block:auto_generated_inst"
    Info (16011): Adding 0 node(s), including 0 DDIO, 0 PLL, 0 transceiver and 0 LCELL
Info (21057): Implemented 1112 device resources after synthesis - the final resource count might be different
    Info (21058): Implemented 13 input pins
    Info (21059): Implemented 47 output pins
    Info (21061): Implemented 1052 logic cells
Info: Quartus Prime Analysis & Synthesis was successful. 0 errors, 21 warnings
    Info: Peak virtual memory: 4908 megabytes
    Info: Processing ended: Sun Jun  2 02:34:28 2024
    Info: Elapsed time: 00:00:11
    Info: Total CPU time (on all processors): 00:00:13


